Component: ARM Compiler 6.16 Tool: armlink [5dfeaa00]

==============================================================================

Section Cross References

    startup.o(STACK) refers (Special) to heapauxi.o(.text) for __use_two_region_memory
    startup.o(HEAP) refers (Special) to heapauxi.o(.text) for __use_two_region_memory
    startup.o(RESET) refers (Special) to heapauxi.o(.text) for __use_two_region_memory
    startup.o(RESET) refers to startup.o(STACK) for StackMem
    startup.o(RESET) refers to __main.o(!!!main) for __main
    startup.o(.text) refers (Special) to heapauxi.o(.text) for __use_two_region_memory
    startup.o(.text) refers to startup.o(HEAP) for HeapMem
    startup.o(.text) refers to startup.o(STACK) for StackMem
    main.o(.text.main) refers to utils.o(.text) for PLL_Init
    main.o(.text.main) refers to gpio.o(.text.GPIO_Init) for GPIO_Init
    main.o(.text.main) refers to uart.o(.text.UART_init) for UART_init
    main.o(.text.main) refers to main.o(.bss.program_state) for program_state
    main.o(.text.main) refers to main.o(.text.handle_idle_state) for handle_idle_state
    main.o(.text.main) refers to main.o(.text.handle_menu_state) for handle_menu_state
    main.o(.text.main) refers to main.o(.text.handle_potentiometer_state) for handle_potentiometer_state
    main.o(.text.main) refers to main.o(.text.handle_terminal_state) for handle_terminal_state
    main.o(.ARM.exidx.text.main) refers to main.o(.text.main) for [Anonymous Symbol]
    main.o(.text.handle_idle_state) refers to main.o(.rodata.str1.1) for .L.str
    main.o(.text.handle_idle_state) refers to uart.o(.text.UART_send_string) for UART_send_string
    main.o(.text.handle_idle_state) refers to uart.o(.text.UART_read_char) for UART_read_char
    main.o(.text.handle_idle_state) refers to main.o(.bss.read_char) for read_char
    main.o(.text.handle_idle_state) refers to main.o(.bss.program_state) for program_state
    main.o(.ARM.exidx.text.handle_idle_state) refers to main.o(.text.handle_idle_state) for [Anonymous Symbol]
    main.o(.text.handle_menu_state) refers to main.o(.rodata.str1.1) for .L.str.1
    main.o(.text.handle_menu_state) refers to uart.o(.text.UART_send_string) for UART_send_string
    main.o(.text.handle_menu_state) refers to uart.o(.text.UART_read_char) for UART_read_char
    main.o(.text.handle_menu_state) refers to main.o(.bss.program_state) for program_state
    main.o(.ARM.exidx.text.handle_menu_state) refers to main.o(.text.handle_menu_state) for [Anonymous Symbol]
    main.o(.text.handle_potentiometer_state) refers to main.o(.rodata.str1.1) for .L.str.2
    main.o(.text.handle_potentiometer_state) refers to uart.o(.text.UART_send_string) for UART_send_string
    main.o(.text.handle_potentiometer_state) refers to main.o(.bss.program_state) for program_state
    main.o(.text.handle_potentiometer_state) refers to uart.o(.text.UART_read_char) for UART_read_char
    main.o(.text.handle_potentiometer_state) refers to main.o(.bss.read_char) for read_char
    main.o(.text.handle_potentiometer_state) refers to uart.o(.text.UART_available) for UART_available
    main.o(.text.handle_potentiometer_state) refers to utils.o(.text) for SysTick_Wait1ms
    main.o(.ARM.exidx.text.handle_potentiometer_state) refers to main.o(.text.handle_potentiometer_state) for [Anonymous Symbol]
    main.o(.text.handle_terminal_state) refers to main.o(.rodata.str1.1) for .L.str.3
    main.o(.text.handle_terminal_state) refers to uart.o(.text.UART_send_string) for UART_send_string
    main.o(.text.handle_terminal_state) refers to uart.o(.text.UART_read_char) for UART_read_char
    main.o(.text.handle_terminal_state) refers to main.o(.bss.read_char) for read_char
    main.o(.text.handle_terminal_state) refers to main.o(.bss.direction_target) for direction_target
    main.o(.text.handle_terminal_state) refers to main.o(.bss.direction) for direction
    main.o(.text.handle_terminal_state) refers to main.o(.data.pwm_duty_cycle_target) for pwm_duty_cycle_target
    main.o(.text.handle_terminal_state) refers to main.o(.data.pwm_duty_cycle) for pwm_duty_cycle
    main.o(.text.handle_terminal_state) refers to sprintf.o(.text) for sprintf
    main.o(.text.handle_terminal_state) refers to uart.o(.text.UART_available) for UART_available
    main.o(.text.handle_terminal_state) refers to main.o(.bss.program_state) for program_state
    main.o(.text.handle_terminal_state) refers to utils.o(.text) for SysTick_Wait1ms
    main.o(.ARM.exidx.text.handle_terminal_state) refers to main.o(.text.handle_terminal_state) for [Anonymous Symbol]
    gpio.o(.ARM.exidx.text.GPIO_Init) refers to gpio.o(.text.GPIO_Init) for [Anonymous Symbol]
    adc.o(.ARM.exidx.text.ADC_Init) refers to adc.o(.text.ADC_Init) for [Anonymous Symbol]
    adc.o(.ARM.exidx.text.ADC0_InSeq0) refers to adc.o(.text.ADC0_InSeq0) for [Anonymous Symbol]
    uart.o(.ARM.exidx.text.UART_init) refers to uart.o(.text.UART_init) for [Anonymous Symbol]
[...]
    Removing gpio.o(.text), (0 bytes).
    Removing gpio.o(.ARM.exidx.text.GPIO_Init), (8 bytes).
    Removing adc.o(.text), (0 bytes).
    Removing adc.o(.text.ADC_Init), (250 bytes).
    Removing adc.o(.ARM.exidx.text.ADC_Init), (8 bytes).
    Removing adc.o(.text.ADC0_InSeq0), (70 bytes).
    Removing adc.o(.ARM.exidx.text.ADC0_InSeq0), (8 bytes).
    Removing uart.o(.text), (0 bytes).
    Removing uart.o(.ARM.exidx.text.UART_init), (8 bytes).
    Removing uart.o(.ARM.exidx.text.UART_send_char), (8 bytes).
    Removing uart.o(.ARM.exidx.text.UART_send_string), (8 bytes).
    Removing uart.o(.ARM.exidx.text.UART_read_char), (8 bytes).
    Removing uart.o(.ARM.exidx.text.UART_available), (8 bytes).

20 unused section(s) (total 428 bytes) removed from the image.

==============================================================================

Image Symbol Table

    Local Symbols

    Symbol Name                              Value     Ov Type        Size  Object(Section)

    ../clib/angel/boardlib.s                 0x00000000   Number         0  boardinit1.o ABSOLUTE
    ../clib/angel/boardlib.s                 0x00000000   Number         0  boardinit2.o ABSOLUTE
    ../clib/angel/boardlib.s                 0x00000000   Number         0  boardinit3.o ABSOLUTE
    ../clib/angel/boardlib.s                 0x00000000   Number         0  boardshut.o ABSOLUTE
    ../clib/angel/handlers.s                 0x00000000   Number         0  __scatter_copy.o ABSOLUTE
    ../clib/angel/handlers.s                 0x00000000   Number         0  __scatter_zi.o ABSOLUTE
    ../clib/angel/kernel.s                   0x00000000   Number         0  __rtentry.o ABSOLUTE
    ../clib/angel/kernel.s                   0x00000000   Number         0  __rtentry2.o ABSOLUTE
    ../clib/angel/kernel.s                   0x00000000   Number         0  __rtentry4.o ABSOLUTE
    ../clib/angel/kernel.s                   0x00000000   Number         0  rtexit.o ABSOLUTE
    ../clib/angel/kernel.s                   0x00000000   Number         0  rtexit2.o ABSOLUTE
    ../clib/angel/rt.s                       0x00000000   Number         0  rt_ctype_table.o ABSOLUTE
    ../clib/angel/rt.s                       0x00000000   Number         0  rt_locale.o ABSOLUTE
    ../clib/angel/rt.s                       0x00000000   Number         0  rt_locale_intlibspace.o ABSOLUTE
    ../clib/angel/rt.s                       0x00000000   Number         0  rt_raise.o ABSOLUTE
    ../clib/angel/scatter.s                  0x00000000   Number         0  __scatter.o ABSOLUTE
    ../clib/angel/startup.s                  0x00000000   Number         0  __main.o ABSOLUTE
    ../clib/angel/sys.s                      0x00000000   Number         0  sys_stackheap_outer.o ABSOLUTE
    ../clib/angel/sys.s                      0x00000000   Number         0  libspace.o ABSOLUTE
    ../clib/angel/sys.s                      0x00000000   Number         0  use_no_semi.o ABSOLUTE
    ../clib/angel/sys.s                      0x00000000   Number         0  indicate_semi.o ABSOLUTE
    ../clib/angel/sysapp.c                   0x00000000   Number         0  sys_exit.o ABSOLUTE
    ../clib/angel/sysapp.c                   0x00000000   Number         0  sys_exit_hlt.o ABSOLUTE
    ../clib/angel/sysapp.c                   0x00000000   Number         0  sys_command.o ABSOLUTE
    ../clib/angel/sysapp.c                   0x00000000   Number         0  sys_command_hlt.o ABSOLUTE
    ../clib/angel/sysapp.c                   0x00000000   Number         0  sys_wrch.o ABSOLUTE
    ../clib/angel/sysapp.c                   0x00000000   Number         0  sys_wrch_hlt.o ABSOLUTE
    ../clib/armsys.c                         0x00000000   Number         0  argv_veneer.o ABSOLUTE
    ../clib/armsys.c                         0x00000000   Number         0  argv_veneer.o ABSOLUTE
    ../clib/armsys.c                         0x00000000   Number         0  _get_argv_nomalloc.o ABSOLUTE
    ../clib/armsys.c                         0x00000000   Number         0  no_argv.o ABSOLUTE
    ../clib/bigflt.c                         0x00000000   Number         0  bigflt0.o ABSOLUTE
    ../clib/btod.s                           0x00000000   Number         0  btod.o ABSOLUTE
    ../clib/btod_accurate.c                  0x00000000   Number         0  btod_accurate.o ABSOLUTE
    ../clib/btod_accurate.c                  0x00000000   Number         0  btod_accurate_common.o ABSOLUTE
    ../clib/heapalloc.c                      0x00000000   Number         0  hrguard.o ABSOLUTE
    ../clib/heapaux.c                        0x00000000   Number         0  heapauxi.o ABSOLUTE
    ../clib/libinit.s                        0x00000000   Number         0  libinit.o ABSOLUTE
    ../clib/libinit.s                        0x00000000   Number         0  libinit2.o ABSOLUTE
    ../clib/libinit.s                        0x00000000   Number         0  libshutdown.o ABSOLUTE
    ../clib/libinit.s                        0x00000000   Number         0  libshutdown2.o ABSOLUTE
    ../clib/locale.c                         0x00000000   Number         0  _c16rtomb.o ABSOLUTE
    ../clib/locale.s                         0x00000000   Number         0  lc_numeric_c.o ABSOLUTE
    ../clib/locale.s                         0x00000000   Number         0  lc_ctype_c.o ABSOLUTE
    ../clib/longlong.s                       0x00000000   Number         0  lludiv10.o ABSOLUTE
    ../clib/longlong.s                       0x00000000   Number         0  llushr.o ABSOLUTE
    ../clib/memcpset.s                       0x00000000   Number         0  strcmpv7em.o ABSOLUTE
    ../clib/misc.s                           0x00000000   Number         0  printf_stubs.o ABSOLUTE
    ../clib/printf.c                         0x00000000   Number         0  sprintf.o ABSOLUTE
    ../clib/printf.c                         0x00000000   Number         0  __printf.o ABSOLUTE
    ../clib/printf.c                         0x00000000   Number         0  _printf_pad.o ABSOLUTE
    ../clib/printf.c                         0x00000000   Number         0  _printf_truncate.o ABSOLUTE
    ../clib/printf.c                         0x00000000   Number         0  _printf_str.o ABSOLUTE
    ../clib/printf.c                         0x00000000   Number         0  _printf_dec.o ABSOLUTE
    ../clib/printf.c                         0x00000000   Number         0  _printf_charcount.o ABSOLUTE
    ../clib/printf.c                         0x00000000   Number         0  _printf_char_common.o ABSOLUTE
    ../clib/printf.c                         0x00000000   Number         0  _sputc.o ABSOLUTE
    ../clib/printf.c                         0x00000000   Number         0  _printf_wctomb.o ABSOLUTE
    ../clib/printf.c                         0x00000000   Number         0  _printf_longlong_dec.o ABSOLUTE
    ../clib/printf.c                         0x00000000   Number         0  _printf_oct_ll.o ABSOLUTE
    ../clib/printf.c                         0x00000000   Number         0  _printf_oct_int.o ABSOLUTE
    ../clib/printf.c                         0x00000000   Number         0  _printf_oct_int_ll.o ABSOLUTE
    ../clib/printf.c                         0x00000000   Number         0  _printf_hex_ll.o ABSOLUTE
    ../clib/printf.c                         0x00000000   Number         0  _printf_hex_int.o ABSOLUTE
    ../clib/printf.c                         0x00000000   Number         0  _printf_hex_int_ll.o ABSOLUTE
    ../clib/printf.c                         0x00000000   Number         0  _printf_hex_ptr.o ABSOLUTE
    ../clib/printf.c                         0x00000000   Number         0  _printf_hex_int_ptr.o ABSOLUTE
    ../clib/printf.c                         0x00000000   Number         0  _printf_hex_ll_ptr.o ABSOLUTE
    ../clib/printf.c                         0x00000000   Number         0  _printf_hex_int_ll_ptr.o ABSOLUTE
    ../clib/printf.c                         0x00000000   Number         0  __printf_flags.o ABSOLUTE
    ../clib/printf.c                         0x00000000   Number         0  __printf_ss.o ABSOLUTE
    ../clib/printf.c                         0x00000000   Number         0  __printf_flags_ss.o ABSOLUTE
    ../clib/printf.c                         0x00000000   Number         0  __printf_wp.o ABSOLUTE
    ../clib/printf.c                         0x00000000   Number         0  __printf_flags_wp.o ABSOLUTE
    ../clib/printf.c                         0x00000000   Number         0  __printf_ss_wp.o ABSOLUTE
    ../clib/printf.c                         0x00000000   Number         0  __printf_flags_ss_wp.o ABSOLUTE
    ../clib/printf.c                         0x00000000   Number         0  _printf_intcommon.o ABSOLUTE
    ../clib/printf.c                         0x00000000   Number         0  _printf_fp_dec.o ABSOLUTE
    ../clib/printf.c                         0x00000000   Number         0  _printf_fp_dec_accurate.o ABSOLUTE
    ../clib/printf.c                         0x00000000   Number         0  _printf_fp_hex.o ABSOLUTE
    ../clib/printf.c                         0x00000000   Number         0  __printf_nopercent.o ABSOLUTE
    ../clib/printf.c                         0x00000000   Number         0  _printf_char.o ABSOLUTE
    ../clib/printf.c                         0x00000000   Number         0  _printf_wchar.o ABSOLUTE
    ../clib/printf.c                         0x00000000   Number         0  _printf_fp_infnan.o ABSOLUTE
    ../clib/printf_percent.s                 0x00000000   Number         0  _printf_c.o ABSOLUTE
    ../clib/printf_percent.s                 0x00000000   Number         0  _printf_s.o ABSOLUTE
    ../clib/printf_percent.s                 0x00000000   Number         0  _printf_n.o ABSOLUTE
    ../clib/printf_percent.s                 0x00000000   Number         0  _printf_x.o ABSOLUTE
    ../clib/printf_percent.s                 0x00000000   Number         0  _printf_p.o ABSOLUTE
    ../clib/printf_percent.s                 0x00000000   Number         0  _printf_o.o ABSOLUTE
    ../clib/printf_percent.s                 0x00000000   Number         0  _printf_i.o ABSOLUTE
    ../clib/printf_percent.s                 0x00000000   Number         0  _printf_d.o ABSOLUTE
    ../clib/printf_percent.s                 0x00000000   Number         0  _printf_u.o ABSOLUTE
    ../clib/printf_percent.s                 0x00000000   Number         0  _printf_f.o ABSOLUTE
    ../clib/printf_percent.s                 0x00000000   Number         0  _printf_e.o ABSOLUTE
    ../clib/printf_percent.s                 0x00000000   Number         0  _printf_g.o ABSOLUTE
    ../clib/printf_percent.s                 0x00000000   Number         0  _printf_a.o ABSOLUTE
    ../clib/printf_percent.s                 0x00000000   Number         0  _printf_percent.o ABSOLUTE
    ../clib/printf_percent.s                 0x00000000   Number         0  _printf_lli.o ABSOLUTE
    ../clib/printf_percent.s                 0x00000000   Number         0  _printf_lld.o ABSOLUTE
    ../clib/printf_percent.s                 0x00000000   Number         0  _printf_llu.o ABSOLUTE
    ../clib/printf_percent.s                 0x00000000   Number         0  _printf_ll.o ABSOLUTE
    ../clib/printf_percent.s                 0x00000000   Number         0  _printf_l.o ABSOLUTE
    ../clib/printf_percent.s                 0x00000000   Number         0  _printf_lc.o ABSOLUTE
    ../clib/printf_percent.s                 0x00000000   Number         0  _printf_ls.o ABSOLUTE
    ../clib/printf_percent.s                 0x00000000   Number         0  _printf_llo.o ABSOLUTE
    ../clib/printf_percent.s                 0x00000000   Number         0  _printf_llx.o ABSOLUTE
    ../clib/printf_percent.s                 0x00000000   Number         0  _printf_percent_end.o ABSOLUTE
    ../clib/signal.c                         0x00000000   Number         0  defsig_rtmem_outer.o ABSOLUTE
    ../clib/signal.c                         0x00000000   Number         0  defsig_rtmem_formal.o ABSOLUTE
    ../clib/signal.c                         0x00000000   Number         0  defsig_exit.o ABSOLUTE
    ../clib/signal.c                         0x00000000   Number         0  defsig_rtmem_inner.o ABSOLUTE
    ../clib/signal.c                         0x00000000   Number         0  __raise.o ABSOLUTE
    ../clib/signal.c                         0x00000000   Number         0  defsig_general.o ABSOLUTE
    ../clib/signal.c                         0x00000000   Number         0  defsig_abrt_inner.o ABSOLUTE
    ../clib/signal.c                         0x00000000   Number         0  defsig_fpe_inner.o ABSOLUTE
    ../clib/signal.c                         0x00000000   Number         0  defsig_rtred_inner.o ABSOLUTE
    ../clib/signal.c                         0x00000000   Number         0  defsig_stak_inner.o ABSOLUTE
    ../clib/signal.c                         0x00000000   Number         0  defsig_pvfn_inner.o ABSOLUTE
    ../clib/signal.c                         0x00000000   Number         0  defsig_cppl_inner.o ABSOLUTE
    ../clib/signal.c                         0x00000000   Number         0  defsig_segv_inner.o ABSOLUTE
    ../clib/signal.c                         0x00000000   Number         0  defsig_other.o ABSOLUTE
    ../clib/signal.s                         0x00000000   Number         0  defsig.o ABSOLUTE
    ../clib/stdlib.c                         0x00000000   Number         0  exit.o ABSOLUTE
    ../fplib/fpinit.s                        0x00000000   Number         0  fpinit.o ABSOLUTE
    ../fplib/istatus.s                       0x00000000   Number         0  istatus.o ABSOLUTE
    ../fplib/printf1.s                       0x00000000   Number         0  printf1.o ABSOLUTE
    ../fplib/printf2.s                       0x00000000   Number         0  printf2.o ABSOLUTE
    ../fplib/printf2a.s                      0x00000000   Number         0  printf2a.o ABSOLUTE
    ../fplib/printf2b.s                      0x00000000   Number         0  printf2b.o ABSOLUTE
    ../fplib/usenofp.s                       0x00000000   Number         0  usenofp.o ABSOLUTE
    ../mathlib/fpclassify.c                  0x00000000   Number         0  fpclassify.o ABSOLUTE
    adc.c                                    0x00000000   Number         0  adc.o ABSOLUTE
    dc.s                                     0x00000000   Number         0  dc.o ABSOLUTE
    gpio.c                                   0x00000000   Number         0  gpio.o ABSOLUTE
    main.c                                   0x00000000   Number         0  main.o ABSOLUTE
    startup.s                                0x00000000   Number         0  startup.o ABSOLUTE
    uart.c                                   0x00000000   Number         0  uart.o ABSOLUTE
    utils.s                                  0x00000000   Number         0  utils.o ABSOLUTE
    RESET                                    0x00000000   Section      560  startup.o(RESET)
    $v0                                      0x00000208   Number         0  startup.o(RESET)
    !!!main                                  0x00000230   Section        8  __main.o(!!!main)
    !!!scatter                               0x00000238   Section       52  __scatter.o(!!!scatter)
    !!handler_copy                           0x0000026c   Section       26  __scatter_copy.o(!!handler_copy)
    !!handler_zi                             0x00000288   Section       28  __scatter_zi.o(!!handler_zi)
    .ARM.Collect$$_printf_percent$$00000000  0x000002a4   Section        0  _printf_percent.o(.ARM.Collect$$_printf_percent$$00000000)
    .ARM.Collect$$_printf_percent$$00000001  0x000002a4   Section        6  _printf_n.o(.ARM.Collect$$_printf_percent$$00000001)
    .ARM.Collect$$_printf_percent$$00000002  0x000002aa   Section        6  _printf_p.o(.ARM.Collect$$_printf_percent$$00000002)
    .ARM.Collect$$_printf_percent$$00000003  0x000002b0   Section        6  _printf_f.o(.ARM.Collect$$_printf_percent$$00000003)
    .ARM.Collect$$_printf_percent$$00000004  0x000002b6   Section        6  _printf_e.o(.ARM.Collect$$_printf_percent$$00000004)
    .ARM.Collect$$_printf_percent$$00000005  0x000002bc   Section        6  _printf_g.o(.ARM.Collect$$_printf_percent$$00000005)
    .ARM.Collect$$_printf_percent$$00000006  0x000002c2   Section        6  _printf_a.o(.ARM.Collect$$_printf_percent$$00000006)
    .ARM.Collect$$_printf_percent$$00000007  0x000002c8   Section       10  _printf_ll.o(.ARM.Collect$$_printf_percent$$00000007)
    .ARM.Collect$$_printf_percent$$00000008  0x000002d2   Section        6  _printf_i.o(.ARM.Collect$$_printf_percent$$00000008)
    .ARM.Collect$$_printf_percent$$00000009  0x000002d8   Section        6  _printf_d.o(.ARM.Collect$$_printf_percent$$00000009)
    .ARM.Collect$$_printf_percent$$0000000A  0x000002de   Section        6  _printf_u.o(.ARM.Collect$$_printf_percent$$0000000A)
    .ARM.Collect$$_printf_percent$$0000000B  0x000002e4   Section        6  _printf_o.o(.ARM.Collect$$_printf_percent$$0000000B)
    .ARM.Collect$$_printf_percent$$0000000C  0x000002ea   Section        6  _printf_x.o(.ARM.Collect$$_printf_percent$$0000000C)
    .ARM.Collect$$_printf_percent$$0000000D  0x000002f0   Section        6  _printf_lli.o(.ARM.Collect$$_printf_percent$$0000000D)
    .ARM.Collect$$_printf_percent$$0000000E  0x000002f6   Section        6  _printf_lld.o(.ARM.Collect$$_printf_percent$$0000000E)
    .ARM.Collect$$_printf_percent$$0000000F  0x000002fc   Section        6  _printf_llu.o(.ARM.Collect$$_printf_percent$$0000000F)
    .ARM.Collect$$_printf_percent$$00000010  0x00000302   Section        6  _printf_llo.o(.ARM.Collect$$_printf_percent$$00000010)
    .ARM.Collect$$_printf_percent$$00000011  0x00000308   Section        6  _printf_llx.o(.ARM.Collect$$_printf_percent$$00000011)
    .ARM.Collect$$_printf_percent$$00000012  0x0000030e   Section       10  _printf_l.o(.ARM.Collect$$_printf_percent$$00000012)
    .ARM.Collect$$_printf_percent$$00000013  0x00000318   Section        6  _printf_c.o(.ARM.Collect$$_printf_percent$$00000013)
    .ARM.Collect$$_printf_percent$$00000014  0x0000031e   Section        6  _printf_s.o(.ARM.Collect$$_printf_percent$$00000014)
    .ARM.Collect$$_printf_percent$$00000015  0x00000324   Section        6  _printf_lc.o(.ARM.Collect$$_printf_percent$$00000015)
    .ARM.Collect$$_printf_percent$$00000016  0x0000032a   Section        6  _printf_ls.o(.ARM.Collect$$_printf_percent$$00000016)
    .ARM.Collect$$_printf_percent$$00000017  0x00000330   Section        4  _printf_percent_end.o(.ARM.Collect$$_printf_percent$$00000017)
    .ARM.Collect$$libinit$$00000000          0x00000334   Section        2  libinit.o(.ARM.Collect$$libinit$$00000000)
    .ARM.Collect$$libinit$$00000001          0x00000336   Section        4  libinit2.o(.ARM.Collect$$libinit$$00000001)
    .ARM.Collect$$libinit$$00000004          0x0000033a   Section        0  libinit2.o(.ARM.Collect$$libinit$$00000004)
    .ARM.Collect$$libinit$$0000000A          0x0000033a   Section        0  libinit2.o(.ARM.Collect$$libinit$$0000000A)
    .ARM.Collect$$libinit$$0000000C          0x0000033a   Section        0  libinit2.o(.ARM.Collect$$libinit$$0000000C)
    .ARM.Collect$$libinit$$0000000E          0x0000033a   Section        0  libinit2.o(.ARM.Collect$$libinit$$0000000E)
    .ARM.Collect$$libinit$$0000000F          0x0000033a   Section        6  libinit2.o(.ARM.Collect$$libinit$$0000000F)
    .ARM.Collect$$libinit$$00000011          0x00000340   Section        0  libinit2.o(.ARM.Collect$$libinit$$00000011)
    .ARM.Collect$$libinit$$00000012          0x00000340   Section       12  libinit2.o(.ARM.Collect$$libinit$$00000012)
    .ARM.Collect$$libinit$$00000013          0x0000034c   Section        0  libinit2.o(.ARM.Collect$$libinit$$00000013)
    .ARM.Collect$$libinit$$00000015          0x0000034c   Section        0  libinit2.o(.ARM.Collect$$libinit$$00000015)
    .ARM.Collect$$libinit$$00000016          0x0000034c   Section       10  libinit2.o(.ARM.Collect$$libinit$$00000016)
    .ARM.Collect$$libinit$$00000017          0x00000356   Section        0  libinit2.o(.ARM.Collect$$libinit$$00000017)
    .ARM.Collect$$libinit$$00000019          0x00000356   Section        0  libinit2.o(.ARM.Collect$$libinit$$00000019)
    .ARM.Collect$$libinit$$0000001B          0x00000356   Section        0  libinit2.o(.ARM.Collect$$libinit$$0000001B)
    .ARM.Collect$$libinit$$0000001D          0x00000356   Section        0  libinit2.o(.ARM.Collect$$libinit$$0000001D)
    .ARM.Collect$$libinit$$0000001F          0x00000356   Section        0  libinit2.o(.ARM.Collect$$libinit$$0000001F)
    .ARM.Collect$$libinit$$00000021          0x00000356   Section        0  libinit2.o(.ARM.Collect$$libinit$$00000021)
    .ARM.Collect$$libinit$$00000023          0x00000356   Section        0  libinit2.o(.ARM.Collect$$libinit$$00000023)
    .ARM.Collect$$libinit$$00000025          0x00000356   Section        0  libinit2.o(.ARM.Collect$$libinit$$00000025)
    .ARM.Collect$$libinit$$0000002C          0x00000356   Section        0  libinit2.o(.ARM.Collect$$libinit$$0000002C)
    .ARM.Collect$$libinit$$0000002E          0x00000356   Section        0  libinit2.o(.ARM.Collect$$libinit$$0000002E)
    .ARM.Collect$$libinit$$00000030          0x00000356   Section        0  libinit2.o(.ARM.Collect$$libinit$$00000030)
    .ARM.Collect$$libinit$$00000032          0x00000356   Section        0  libinit2.o(.ARM.Collect$$libinit$$00000032)
    .ARM.Collect$$libinit$$00000033          0x00000356   Section        2  libinit2.o(.ARM.Collect$$libinit$$00000033)
    .ARM.Collect$$libshutdown$$00000000      0x00000358   Section        2  libshutdown.o(.ARM.Collect$$libshutdown$$00000000)
    .ARM.Collect$$libshutdown$$00000002      0x0000035a   Section        0  libshutdown2.o(.ARM.Collect$$libshutdown$$00000002)
    .ARM.Collect$$libshutdown$$00000004      0x0000035a   Section        0  libshutdown2.o(.ARM.Collect$$libshutdown$$00000004)
    .ARM.Collect$$libshutdown$$00000007      0x0000035a   Section        0  libshutdown2.o(.ARM.Collect$$libshutdown$$00000007)
    .ARM.Collect$$libshutdown$$0000000A      0x0000035a   Section        0  libshutdown2.o(.ARM.Collect$$libshutdown$$0000000A)
    .ARM.Collect$$libshutdown$$0000000C      0x0000035a   Section        0  libshutdown2.o(.ARM.Collect$$libshutdown$$0000000C)
    .ARM.Collect$$libshutdown$$0000000F      0x0000035a   Section        0  libshutdown2.o(.ARM.Collect$$libshutdown$$0000000F)
    .ARM.Collect$$libshutdown$$00000010      0x0000035a   Section        2  libshutdown2.o(.ARM.Collect$$libshutdown$$00000010)
    .ARM.Collect$$rtentry$$00000000          0x0000035c   Section        0  __rtentry.o(.ARM.Collect$$rtentry$$00000000)
    .ARM.Collect$$rtentry$$00000002          0x0000035c   Section        0  __rtentry2.o(.ARM.Collect$$rtentry$$00000002)
    .ARM.Collect$$rtentry$$00000004          0x0000035c   Section        6  __rtentry4.o(.ARM.Collect$$rtentry$$00000004)
    .ARM.Collect$$rtentry$$00000009          0x00000362   Section        0  __rtentry2.o(.ARM.Collect$$rtentry$$00000009)
    .ARM.Collect$$rtentry$$0000000A          0x00000362   Section        4  __rtentry2.o(.ARM.Collect$$rtentry$$0000000A)
    .ARM.Collect$$rtentry$$0000000C          0x00000366   Section        0  __rtentry2.o(.ARM.Collect$$rtentry$$0000000C)
    .ARM.Collect$$rtentry$$0000000D          0x00000366   Section        8  __rtentry2.o(.ARM.Collect$$rtentry$$0000000D)
    .ARM.Collect$$rtexit$$00000000           0x0000036e   Section        2  rtexit.o(.ARM.Collect$$rtexit$$00000000)
    .ARM.Collect$$rtexit$$00000002           0x00000370   Section        0  rtexit2.o(.ARM.Collect$$rtexit$$00000002)
    .ARM.Collect$$rtexit$$00000003           0x00000370   Section        4  rtexit2.o(.ARM.Collect$$rtexit$$00000003)
    .ARM.Collect$$rtexit$$00000004           0x00000374   Section        6  rtexit2.o(.ARM.Collect$$rtexit$$00000004)
    $v0                                      0x0000037c   Number         0  startup.o(.text)
    .text                                    0x0000037c   Section       48  startup.o(.text)
    $v0                                      0x000003ac   Number         0  utils.o(.text)
    .text                                    0x000003ac   Section      484  utils.o(.text)
    .text                                    0x00000590   Section        0  sprintf.o(.text)
    .text                                    0x000005bc   Section        0  heapauxi.o(.text)
    .text                                    0x000005c2   Section        0  _printf_pad.o(.text)
    .text                                    0x00000610   Section        0  _printf_truncate.o(.text)
    .text                                    0x00000634   Section        0  _printf_str.o(.text)
    .text                                    0x00000688   Section        0  _printf_dec.o(.text)
    .text                                    0x00000700   Section        0  _printf_charcount.o(.text)
    _printf_input_char                       0x00000729   Thumb Code    10  _printf_char_common.o(.text)
    .text                                    0x00000728   Section        0  _printf_char_common.o(.text)
    .text                                    0x00000758   Section        0  _sputc.o(.text)
    .text                                    0x00000764   Section        0  _printf_wctomb.o(.text)
    .text                                    0x00000820   Section        0  _printf_longlong_dec.o(.text)
    _printf_longlong_oct_internal            0x0000089d   Thumb Code     0  _printf_oct_int_ll.o(.text)
    .text                                    0x0000089c   Section        0  _printf_oct_int_ll.o(.text)
    _printf_hex_common                       0x0000090d   Thumb Code     0  _printf_hex_int_ll_ptr.o(.text)
    .text                                    0x0000090c   Section        0  _printf_hex_int_ll_ptr.o(.text)
    .text                                    0x000009a0   Section        0  __printf_flags_ss_wp.o(.text)
    .text                                    0x00000b28   Section      138  lludiv10.o(.text)
    .text                                    0x00000bb2   Section        0  _printf_intcommon.o(.text)
    _fp_digits                               0x00000c65   Thumb Code   432  _printf_fp_dec.o(.text)
    .text                                    0x00000c64   Section        0  _printf_fp_dec.o(.text)
    .text                                    0x00001080   Section        0  _printf_fp_hex.o(.text)
    .text                                    0x0000137c   Section        0  _printf_char.o(.text)
    .text                                    0x000013a8   Section        0  _printf_wchar.o(.text)
    .text                                    0x000013d4   Section        0  _c16rtomb.o(.text)
    .text                                    0x0000141c   Section       74  sys_stackheap_outer.o(.text)
    .text                                    0x00001468   Section       16  rt_ctype_table.o(.text)
    .text                                    0x00001478   Section        8  rt_locale_intlibspace.o(.text)
    .text                                    0x00001480   Section        0  _printf_fp_infnan.o(.text)
    .text                                    0x00001500   Section        0  bigflt0.o(.text)
    .text                                    0x000015e4   Section        0  exit.o(.text)
    .text                                    0x000015f8   Section        8  libspace.o(.text)
    .text                                    0x00001600   Section      124  strcmpv7em.o(.text)
    .text                                    0x0000167c   Section        0  sys_exit.o(.text)
    .text                                    0x00001688   Section        2  use_no_semi.o(.text)
    .text                                    0x0000168a   Section        0  indicate_semi.o(.text)
    [Anonymous Symbol]                       0x0000168c   Section        0  gpio.o(.text.GPIO_Init)
    [Anonymous Symbol]                       0x00001978   Section        0  uart.o(.text.UART_available)
    [Anonymous Symbol]                       0x00001990   Section        0  uart.o(.text.UART_init)
    [Anonymous Symbol]                       0x00001a00   Section        0  uart.o(.text.UART_read_char)
    [Anonymous Symbol]                       0x00001a24   Section        0  uart.o(.text.UART_send_char)
    [Anonymous Symbol]                       0x00001a54   Section        0  uart.o(.text.UART_send_string)
    [Anonymous Symbol]                       0x00001a78   Section        0  main.o(.text.handle_idle_state)
    [Anonymous Symbol]                       0x00001ab8   Section        0  main.o(.text.handle_menu_state)
    [Anonymous Symbol]                       0x00001b18   Section        0  main.o(.text.handle_potentiometer_state)
    [Anonymous Symbol]                       0x00001b78   Section        0  main.o(.text.handle_terminal_state)
    [Anonymous Symbol]                       0x00001dcc   Section        0  main.o(.text.main)
    CL$$btod_d2e                             0x00001e2a   Section       62  btod.o(CL$$btod_d2e)
    CL$$btod_d2e_denorm_low                  0x00001e68   Section       70  btod.o(CL$$btod_d2e_denorm_low)
    CL$$btod_d2e_norm_op1                    0x00001eae   Section       96  btod.o(CL$$btod_d2e_norm_op1)
    CL$$btod_div_common                      0x00001f10   Section      824  btod.o(CL$$btod_div_common)
    CL$$btod_e2e                             0x00002248   Section      220  btod.o(CL$$btod_e2e)
    CL$$btod_ediv                            0x00002324   Section       42  btod.o(CL$$btod_ediv)
    CL$$btod_emul                            0x0000234e   Section       42  btod.o(CL$$btod_emul)
    CL$$btod_mult_common                     0x00002378   Section      580  btod.o(CL$$btod_mult_common)
    i.__ARM_fpclassify                       0x000025bc   Section        0  fpclassify.o(i.__ARM_fpclassify)
    i._is_digit                              0x000025ec   Section        0  __printf_wp.o(i._is_digit)
    locale$$code                             0x000025fc   Section       44  lc_numeric_c.o(locale$$code)
    locale$$code                             0x00002628   Section       44  lc_ctype_c.o(locale$$code)
    $v0                                      0x00002654   Number         0  fpinit.o(x$fpl$fpinit)
    x$fpl$fpinit                             0x00002654   Section       26  fpinit.o(x$fpl$fpinit)
    $v0                                      0x0000266e   Number         0  printf1.o(x$fpl$printf1)
    x$fpl$printf1                            0x0000266e   Section        4  printf1.o(x$fpl$printf1)
    $v0                                      0x00002672   Number         0  printf2.o(x$fpl$printf2)
    x$fpl$printf2                            0x00002672   Section        4  printf2.o(x$fpl$printf2)
    x$fpl$usenofp                            0x00002676   Section        0  usenofp.o(x$fpl$usenofp)
    initial_mbstate                          0x00002678   Data           8  _printf_wctomb.o(.constdata)
    .constdata                               0x00002678   Section        8  _printf_wctomb.o(.constdata)
    uc_hextab                                0x00002680   Data          20  _printf_hex_int_ll_ptr.o(.constdata)
    .constdata                               0x00002680   Section       40  _printf_hex_int_ll_ptr.o(.constdata)
    lc_hextab                                0x00002694   Data          20  _printf_hex_int_ll_ptr.o(.constdata)
    maptable                                 0x000026a8   Data          17  __printf_flags_ss_wp.o(.constdata)
    .constdata                               0x000026a8   Section       17  __printf_flags_ss_wp.o(.constdata)
    lc_hextab                                0x000026b9   Data          19  _printf_fp_hex.o(.constdata)
    .constdata                               0x000026b9   Section       38  _printf_fp_hex.o(.constdata)
    uc_hextab                                0x000026cc   Data          19  _printf_fp_hex.o(.constdata)
    tenpwrs_x                                0x000026e0   Data          60  bigflt0.o(.constdata)
    .constdata                               0x000026e0   Section      148  bigflt0.o(.constdata)
    tenpwrs_i                                0x0000271c   Data          64  bigflt0.o(.constdata)
    .L.str                                   0x00002774   Data          43  main.o(.rodata.str1.1)
    [Anonymous Symbol]                       0x00002774   Section        0  main.o(.rodata.str1.1)
    .L.str.2                                 0x0000279f   Data          56  main.o(.rodata.str1.1)
    .L.str.4                                 0x000027d7   Data          46  main.o(.rodata.str1.1)
    .L.str.1                                 0x00002805   Data          52  main.o(.rodata.str1.1)
    .L.str.3                                 0x00002839   Data          46  main.o(.rodata.str1.1)
    .L.str.5                                 0x00002867   Data          34  main.o(.rodata.str1.1)
    .L.str.6                                 0x00002889   Data           9  main.o(.rodata.str1.1)
    .L.str.7                                 0x00002892   Data          14  main.o(.rodata.str1.1)
    locale$$data                             0x000028c0   Section       28  lc_numeric_c.o(locale$$data)
    __lcnum_c_name                           0x000028c4   Data           2  lc_numeric_c.o(locale$$data)
    __lcnum_c_start                          0x000028cc   Data           0  lc_numeric_c.o(locale$$data)
    __lcnum_c_point                          0x000028d8   Data           0  lc_numeric_c.o(locale$$data)
    __lcnum_c_thousands                      0x000028da   Data           0  lc_numeric_c.o(locale$$data)
    __lcnum_c_grouping                       0x000028db   Data           0  lc_numeric_c.o(locale$$data)
    __lcnum_c_end                            0x000028dc   Data           0  lc_numeric_c.o(locale$$data)
    locale$$data                             0x000028dc   Section      272  lc_ctype_c.o(locale$$data)
    __lcctype_c_name                         0x000028e0   Data           2  lc_ctype_c.o(locale$$data)
    __lcctype_c_start                        0x000028e8   Data           0  lc_ctype_c.o(locale$$data)
    __lcctype_c_end                          0x000029ec   Data           0  lc_ctype_c.o(locale$$data)
    .bss                                     0x20000008   Section       96  libspace.o(.bss)
    HeapMem                                  0x20000070   Data           0  startup.o(HEAP)
    StackMem                                 0x20000070   Data           0  startup.o(STACK)
    HEAP                                     0x20000070   Section        0  startup.o(HEAP)
    STACK                                    0x20000070   Section     1024  startup.o(STACK)

    Global Symbols

    Symbol Name                              Value     Ov Type        Size  Object(Section)

    BuildAttributes$$THM_ISAv4$E$P$D$K$B$S$7EM$VFPi3$EXTD16$VFPS$VFMA$PE$A:L22UL41UL21$X:L11$S22US41US21$IEEE1$IW$~IW$USESV6$~STKCKD$USESV7$~SHL$OTIME$ROPI$IEEEJ$EBA8$UX$STANDARDLIB$REQ8$PRES8$EABIv2 0x00000000   Number         0  anon$$obj.o ABSOLUTE
    __Vectors                                0x00000000   Data           0  startup.o(RESET)
    _printf_flags                            0x00000000   Number         0  printf_stubs.o ABSOLUTE
    _printf_return_value                     0x00000000   Number         0  printf_stubs.o ABSOLUTE
    _printf_sizespec                         0x00000000   Number         0  printf_stubs.o ABSOLUTE
    _printf_widthprec                        0x00000000   Number         0  printf_stubs.o ABSOLUTE
    __ARM_exceptions_init                     - Undefined Weak Reference
    __alloca_initialize                       - Undefined Weak Reference
    __arm_preinit_                            - Undefined Weak Reference
    __cpp_initialize__aeabi_                  - Undefined Weak Reference
    __cxa_finalize                            - Undefined Weak Reference
    __sigvec_lookup                           - Undefined Weak Reference
    _atexit_init                              - Undefined Weak Reference
    _call_atexit_fns                          - Undefined Weak Reference
    _clock_init                               - Undefined Weak Reference
    _fp_trap_init                             - Undefined Weak Reference
    _fp_trap_shutdown                         - Undefined Weak Reference
    _get_lc_collate                           - Undefined Weak Reference
    _get_lc_monetary                          - Undefined Weak Reference
    _get_lc_time                              - Undefined Weak Reference
    _getenv_init                              - Undefined Weak Reference
    _handle_redirection                       - Undefined Weak Reference
    _init_alloc                               - Undefined Weak Reference
    _init_user_alloc                          - Undefined Weak Reference
    _initio                                   - Undefined Weak Reference
    _printf_mbtowc                            - Undefined Weak Reference
    _printf_wc                                - Undefined Weak Reference
    _rand_init                                - Undefined Weak Reference
    _signal_finish                            - Undefined Weak Reference
    _signal_init                              - Undefined Weak Reference
    _terminate_alloc                          - Undefined Weak Reference
    _terminate_user_alloc                     - Undefined Weak Reference
    _terminateio                              - Undefined Weak Reference
    Reset_Handler                            0x00000209   Thumb Code     0  startup.o(RESET)
    NMI_Handler                              0x0000021d   Thumb Code     2  startup.o(RESET)
    HardFault_Handler                        0x0000021f   Thumb Code     2  startup.o(RESET)
    MemManage_Handler                        0x00000221   Thumb Code     2  startup.o(RESET)
    BusFault_Handler                         0x00000223   Thumb Code     2  startup.o(RESET)
    UsageFault_Handler                       0x00000225   Thumb Code     2  startup.o(RESET)
    SVC_Handler                              0x00000227   Thumb Code     2  startup.o(RESET)
    DebugMon_Handler                         0x00000229   Thumb Code     2  startup.o(RESET)
    PendSV_Handler                           0x0000022b   Thumb Code     2  startup.o(RESET)
    SysTick_Handler                          0x0000022d   Thumb Code     2  startup.o(RESET)
    ADC0Seq0_Handler                         0x0000022f   Thumb Code     0  startup.o(RESET)
    ADC0Seq1_Handler                         0x0000022f   Thumb Code     0  startup.o(RESET)
    ADC0Seq2_Handler                         0x0000022f   Thumb Code     0  startup.o(RESET)
    ADC0Seq3_Handler                         0x0000022f   Thumb Code     0  startup.o(RESET)
    ADC1Seq0_Handler                         0x0000022f   Thumb Code     0  startup.o(RESET)
    ADC1Seq1_Handler                         0x0000022f   Thumb Code     0  startup.o(RESET)
    ADC1Seq2_Handler                         0x0000022f   Thumb Code     0  startup.o(RESET)
    ADC1Seq3_Handler                         0x0000022f   Thumb Code     0  startup.o(RESET)
    CAN0_Handler                             0x0000022f   Thumb Code     0  startup.o(RESET)
    CAN1_Handler                             0x0000022f   Thumb Code     0  startup.o(RESET)
    Comp0_Handler                            0x0000022f   Thumb Code     0  startup.o(RESET)
    Comp1_Handler                            0x0000022f   Thumb Code     0  startup.o(RESET)
    Comp2_Handler                            0x0000022f   Thumb Code     0  startup.o(RESET)
    Ethernet_Handler                         0x0000022f   Thumb Code     0  startup.o(RESET)
    ExtBus_Handler                           0x0000022f   Thumb Code     0  startup.o(RESET)
    FPU_Handler                              0x0000022f   Thumb Code     0  startup.o(RESET)
    FlashCtl_Handler                         0x0000022f   Thumb Code     0  startup.o(RESET)
    GPIOPortA_Handler                        0x0000022f   Thumb Code     0  startup.o(RESET)
    GPIOPortB_Handler                        0x0000022f   Thumb Code     0  startup.o(RESET)
    GPIOPortC_Handler                        0x0000022f   Thumb Code     0  startup.o(RESET)
    GPIOPortD_Handler                        0x0000022f   Thumb Code     0  startup.o(RESET)
    GPIOPortE_Handler                        0x0000022f   Thumb Code     0  startup.o(RESET)
    GPIOPortF_Handler                        0x0000022f   Thumb Code     0  startup.o(RESET)
    GPIOPortG_Handler                        0x0000022f   Thumb Code     0  startup.o(RESET)
    GPIOPortH_Handler                        0x0000022f   Thumb Code     0  startup.o(RESET)
    GPIOPortJ_Handler                        0x0000022f   Thumb Code     0  startup.o(RESET)
    GPIOPortK_Handler                        0x0000022f   Thumb Code     0  startup.o(RESET)
    GPIOPortL_Handler                        0x0000022f   Thumb Code     0  startup.o(RESET)
    GPIOPortM_Handler                        0x0000022f   Thumb Code     0  startup.o(RESET)
    GPIOPortN_Handler                        0x0000022f   Thumb Code     0  startup.o(RESET)
    GPIOPortP1_Handler                       0x0000022f   Thumb Code     0  startup.o(RESET)
    GPIOPortP2_Handler                       0x0000022f   Thumb Code     0  startup.o(RESET)
    GPIOPortP3_Handler                       0x0000022f   Thumb Code     0  startup.o(RESET)
    GPIOPortP4_Handler                       0x0000022f   Thumb Code     0  startup.o(RESET)
    GPIOPortP5_Handler                       0x0000022f   Thumb Code     0  startup.o(RESET)
    GPIOPortP6_Handler                       0x0000022f   Thumb Code     0  startup.o(RESET)
    GPIOPortP7_Handler                       0x0000022f   Thumb Code     0  startup.o(RESET)
    GPIOPortP_Handler                        0x0000022f   Thumb Code     0  startup.o(RESET)
    GPIOPortQ1_Handler                       0x0000022f   Thumb Code     0  startup.o(RESET)
    GPIOPortQ2_Handler                       0x0000022f   Thumb Code     0  startup.o(RESET)
    GPIOPortQ3_Handler                       0x0000022f   Thumb Code     0  startup.o(RESET)
    GPIOPortQ4_Handler                       0x0000022f   Thumb Code     0  startup.o(RESET)
    GPIOPortQ5_Handler                       0x0000022f   Thumb Code     0  startup.o(RESET)
    GPIOPortQ6_Handler                       0x0000022f   Thumb Code     0  startup.o(RESET)
    GPIOPortQ7_Handler                       0x0000022f   Thumb Code     0  startup.o(RESET)
    GPIOPortQ_Handler                        0x0000022f   Thumb Code     0  startup.o(RESET)
    Hibernate_Handler                        0x0000022f   Thumb Code     0  startup.o(RESET)
    I2C0_Handler                             0x0000022f   Thumb Code     0  startup.o(RESET)
    I2C1_Handler                             0x0000022f   Thumb Code     0  startup.o(RESET)
    I2C2_Handler                             0x0000022f   Thumb Code     0  startup.o(RESET)
    I2C3_Handler                             0x0000022f   Thumb Code     0  startup.o(RESET)
    I2C4_Handler                             0x0000022f   Thumb Code     0  startup.o(RESET)
    I2C5_Handler                             0x0000022f   Thumb Code     0  startup.o(RESET)
    I2C6_Handler                             0x0000022f   Thumb Code     0  startup.o(RESET)
    I2C7_Handler                             0x0000022f   Thumb Code     0  startup.o(RESET)
    I2C8_Handler                             0x0000022f   Thumb Code     0  startup.o(RESET)
    I2C9_Handler                             0x0000022f   Thumb Code     0  startup.o(RESET)
    PWM0Fault_Handler                        0x0000022f   Thumb Code     0  startup.o(RESET)
    PWM0Generator0_Handler                   0x0000022f   Thumb Code     0  startup.o(RESET)
    PWM0Generator1_Handler                   0x0000022f   Thumb Code     0  startup.o(RESET)
    PWM0Generator2_Handler                   0x0000022f   Thumb Code     0  startup.o(RESET)
    PWM0Generator3_Handler                   0x0000022f   Thumb Code     0  startup.o(RESET)
    Quadrature0_Handler                      0x0000022f   Thumb Code     0  startup.o(RESET)
    SSI0_Handler                             0x0000022f   Thumb Code     0  startup.o(RESET)
    SSI1_Handler                             0x0000022f   Thumb Code     0  startup.o(RESET)
    SSI2_Handler                             0x0000022f   Thumb Code     0  startup.o(RESET)
    SSI3_Handler                             0x0000022f   Thumb Code     0  startup.o(RESET)
    SysCtl_Handler                           0x0000022f   Thumb Code     0  startup.o(RESET)
    Tamper_Handler                           0x0000022f   Thumb Code     0  startup.o(RESET)
    Timer0A_Handler                          0x0000022f   Thumb Code     0  startup.o(RESET)
    Timer0B_Handler                          0x0000022f   Thumb Code     0  startup.o(RESET)
    Timer1A_Handler                          0x0000022f   Thumb Code     0  startup.o(RESET)
    Timer1B_Handler                          0x0000022f   Thumb Code     0  startup.o(RESET)
    Timer2A_Handler                          0x0000022f   Thumb Code     0  startup.o(RESET)
    Timer2B_Handler                          0x0000022f   Thumb Code     0  startup.o(RESET)
    Timer3A_Handler                          0x0000022f   Thumb Code     0  startup.o(RESET)
    Timer3B_Handler                          0x0000022f   Thumb Code     0  startup.o(RESET)
    Timer4A_Handler                          0x0000022f   Thumb Code     0  startup.o(RESET)
    Timer4B_Handler                          0x0000022f   Thumb Code     0  startup.o(RESET)
    Timer5A_Handler                          0x0000022f   Thumb Code     0  startup.o(RESET)
    Timer5B_Handler                          0x0000022f   Thumb Code     0  startup.o(RESET)
    Timer6A_Handler                          0x0000022f   Thumb Code     0  startup.o(RESET)
    Timer6B_Handler                          0x0000022f   Thumb Code     0  startup.o(RESET)
    Timer7A_Handler                          0x0000022f   Thumb Code     0  startup.o(RESET)
    Timer7B_Handler                          0x0000022f   Thumb Code     0  startup.o(RESET)
    UART0_Handler                            0x0000022f   Thumb Code     0  startup.o(RESET)
    UART1_Handler                            0x0000022f   Thumb Code     0  startup.o(RESET)
    UART2_Handler                            0x0000022f   Thumb Code     0  startup.o(RESET)
    UART3_Handler                            0x0000022f   Thumb Code     0  startup.o(RESET)
    UART4_Handler                            0x0000022f   Thumb Code     0  startup.o(RESET)
    UART5_Handler                            0x0000022f   Thumb Code     0  startup.o(RESET)
    UART6_Handler                            0x0000022f   Thumb Code     0  startup.o(RESET)
    UART7_Handler                            0x0000022f   Thumb Code     0  startup.o(RESET)
    USB0_Handler                             0x0000022f   Thumb Code     0  startup.o(RESET)
    WDT_Handler                              0x0000022f   Thumb Code     0  startup.o(RESET)
    uDMA_Error                               0x0000022f   Thumb Code     0  startup.o(RESET)
    uDMA_Handler                             0x0000022f   Thumb Code     0  startup.o(RESET)
    __main                                   0x00000231   Thumb Code     8  __main.o(!!!main)
    __scatterload                            0x00000239   Thumb Code     0  __scatter.o(!!!scatter)
    __scatterload_rt2                        0x00000239   Thumb Code    44  __scatter.o(!!!scatter)
    __scatterload_rt2_thumb_only             0x00000239   Thumb Code     0  __scatter.o(!!!scatter)
    __scatterload_null                       0x00000247   Thumb Code     0  __scatter.o(!!!scatter)
    __scatterload_copy                       0x0000026d   Thumb Code    26  __scatter_copy.o(!!handler_copy)
    __scatterload_zeroinit                   0x00000289   Thumb Code    28  __scatter_zi.o(!!handler_zi)
    _printf_n                                0x000002a5   Thumb Code     0  _printf_n.o(.ARM.Collect$$_printf_percent$$00000001)
    _printf_percent                          0x000002a5   Thumb Code     0  _printf_percent.o(.ARM.Collect$$_printf_percent$$00000000)
    _printf_p                                0x000002ab   Thumb Code     0  _printf_p.o(.ARM.Collect$$_printf_percent$$00000002)
    _printf_f                                0x000002b1   Thumb Code     0  _printf_f.o(.ARM.Collect$$_printf_percent$$00000003)
    _printf_e                                0x000002b7   Thumb Code     0  _printf_e.o(.ARM.Collect$$_printf_percent$$00000004)
    _printf_g                                0x000002bd   Thumb Code     0  _printf_g.o(.ARM.Collect$$_printf_percent$$00000005)
    _printf_a                                0x000002c3   Thumb Code     0  _printf_a.o(.ARM.Collect$$_printf_percent$$00000006)
    _printf_ll                               0x000002c9   Thumb Code     0  _printf_ll.o(.ARM.Collect$$_printf_percent$$00000007)
    _printf_i                                0x000002d3   Thumb Code     0  _printf_i.o(.ARM.Collect$$_printf_percent$$00000008)
    _printf_d                                0x000002d9   Thumb Code     0  _printf_d.o(.ARM.Collect$$_printf_percent$$00000009)
    _printf_u                                0x000002df   Thumb Code     0  _printf_u.o(.ARM.Collect$$_printf_percent$$0000000A)
    _printf_o                                0x000002e5   Thumb Code     0  _printf_o.o(.ARM.Collect$$_printf_percent$$0000000B)
    _printf_x                                0x000002eb   Thumb Code     0  _printf_x.o(.ARM.Collect$$_printf_percent$$0000000C)
    _printf_lli                              0x000002f1   Thumb Code     0  _printf_lli.o(.ARM.Collect$$_printf_percent$$0000000D)
    _printf_lld                              0x000002f7   Thumb Code     0  _printf_lld.o(.ARM.Collect$$_printf_percent$$0000000E)
    _printf_llu                              0x000002fd   Thumb Code     0  _printf_llu.o(.ARM.Collect$$_printf_percent$$0000000F)
    _printf_llo                              0x00000303   Thumb Code     0  _printf_llo.o(.ARM.Collect$$_printf_percent$$00000010)
    _printf_llx                              0x00000309   Thumb Code     0  _printf_llx.o(.ARM.Collect$$_printf_percent$$00000011)
    _printf_l                                0x0000030f   Thumb Code     0  _printf_l.o(.ARM.Collect$$_printf_percent$$00000012)
    _printf_c                                0x00000319   Thumb Code     0  _printf_c.o(.ARM.Collect$$_printf_percent$$00000013)
    _printf_s                                0x0000031f   Thumb Code     0  _printf_s.o(.ARM.Collect$$_printf_percent$$00000014)
    _printf_lc                               0x00000325   Thumb Code     0  _printf_lc.o(.ARM.Collect$$_printf_percent$$00000015)
    _printf_ls                               0x0000032b   Thumb Code     0  _printf_ls.o(.ARM.Collect$$_printf_percent$$00000016)
    _printf_percent_end                      0x00000331   Thumb Code     0  _printf_percent_end.o(.ARM.Collect$$_printf_percent$$00000017)
    __rt_lib_init                            0x00000335   Thumb Code     0  libinit.o(.ARM.Collect$$libinit$$00000000)
    __rt_lib_init_fp_1                       0x00000337   Thumb Code     0  libinit2.o(.ARM.Collect$$libinit$$00000001)
    __rt_lib_init_heap_1                     0x0000033b   Thumb Code     0  libinit2.o(.ARM.Collect$$libinit$$0000000A)
    __rt_lib_init_lc_common                  0x0000033b   Thumb Code     0  libinit2.o(.ARM.Collect$$libinit$$0000000F)
    __rt_lib_init_preinit_1                  0x0000033b   Thumb Code     0  libinit2.o(.ARM.Collect$$libinit$$00000004)
    __rt_lib_init_rand_1                     0x0000033b   Thumb Code     0  libinit2.o(.ARM.Collect$$libinit$$0000000E)
    __rt_lib_init_user_alloc_1               0x0000033b   Thumb Code     0  libinit2.o(.ARM.Collect$$libinit$$0000000C)
    __rt_lib_init_lc_collate_1               0x00000341   Thumb Code     0  libinit2.o(.ARM.Collect$$libinit$$00000011)
    __rt_lib_init_lc_ctype_2                 0x00000341   Thumb Code     0  libinit2.o(.ARM.Collect$$libinit$$00000012)
    __rt_lib_init_lc_ctype_1                 0x0000034d   Thumb Code     0  libinit2.o(.ARM.Collect$$libinit$$00000013)
    __rt_lib_init_lc_monetary_1              0x0000034d   Thumb Code     0  libinit2.o(.ARM.Collect$$libinit$$00000015)
    __rt_lib_init_lc_numeric_2               0x0000034d   Thumb Code     0  libinit2.o(.ARM.Collect$$libinit$$00000016)
    __rt_lib_init_alloca_1                   0x00000357   Thumb Code     0  libinit2.o(.ARM.Collect$$libinit$$0000002E)
    __rt_lib_init_argv_1                     0x00000357   Thumb Code     0  libinit2.o(.ARM.Collect$$libinit$$0000002C)
    __rt_lib_init_atexit_1                   0x00000357   Thumb Code     0  libinit2.o(.ARM.Collect$$libinit$$0000001B)
    __rt_lib_init_clock_1                    0x00000357   Thumb Code     0  libinit2.o(.ARM.Collect$$libinit$$00000021)
    __rt_lib_init_cpp_1                      0x00000357   Thumb Code     0  libinit2.o(.ARM.Collect$$libinit$$00000032)
    __rt_lib_init_exceptions_1               0x00000357   Thumb Code     0  libinit2.o(.ARM.Collect$$libinit$$00000030)
    __rt_lib_init_fp_trap_1                  0x00000357   Thumb Code     0  libinit2.o(.ARM.Collect$$libinit$$0000001F)
    __rt_lib_init_getenv_1                   0x00000357   Thumb Code     0  libinit2.o(.ARM.Collect$$libinit$$00000023)
    __rt_lib_init_lc_numeric_1               0x00000357   Thumb Code     0  libinit2.o(.ARM.Collect$$libinit$$00000017)
    __rt_lib_init_lc_time_1                  0x00000357   Thumb Code     0  libinit2.o(.ARM.Collect$$libinit$$00000019)
    __rt_lib_init_return                     0x00000357   Thumb Code     0  libinit2.o(.ARM.Collect$$libinit$$00000033)
    __rt_lib_init_signal_1                   0x00000357   Thumb Code     0  libinit2.o(.ARM.Collect$$libinit$$0000001D)
    __rt_lib_init_stdio_1                    0x00000357   Thumb Code     0  libinit2.o(.ARM.Collect$$libinit$$00000025)
    __rt_lib_shutdown                        0x00000359   Thumb Code     0  libshutdown.o(.ARM.Collect$$libshutdown$$00000000)
    __rt_lib_shutdown_cpp_1                  0x0000035b   Thumb Code     0  libshutdown2.o(.ARM.Collect$$libshutdown$$00000002)
    __rt_lib_shutdown_fp_trap_1              0x0000035b   Thumb Code     0  libshutdown2.o(.ARM.Collect$$libshutdown$$00000007)
    __rt_lib_shutdown_heap_1                 0x0000035b   Thumb Code     0  libshutdown2.o(.ARM.Collect$$libshutdown$$0000000F)
    __rt_lib_shutdown_return                 0x0000035b   Thumb Code     0  libshutdown2.o(.ARM.Collect$$libshutdown$$00000010)
    __rt_lib_shutdown_signal_1               0x0000035b   Thumb Code     0  libshutdown2.o(.ARM.Collect$$libshutdown$$0000000A)
    __rt_lib_shutdown_stdio_1                0x0000035b   Thumb Code     0  libshutdown2.o(.ARM.Collect$$libshutdown$$00000004)
    __rt_lib_shutdown_user_alloc_1           0x0000035b   Thumb Code     0  libshutdown2.o(.ARM.Collect$$libshutdown$$0000000C)
    __rt_entry                               0x0000035d   Thumb Code     0  __rtentry.o(.ARM.Collect$$rtentry$$00000000)
    __rt_entry_presh_1                       0x0000035d   Thumb Code     0  __rtentry2.o(.ARM.Collect$$rtentry$$00000002)
    __rt_entry_sh                            0x0000035d   Thumb Code     0  __rtentry4.o(.ARM.Collect$$rtentry$$00000004)
    __rt_entry_li                            0x00000363   Thumb Code     0  __rtentry2.o(.ARM.Collect$$rtentry$$0000000A)
    __rt_entry_postsh_1                      0x00000363   Thumb Code     0  __rtentry2.o(.ARM.Collect$$rtentry$$00000009)
    __rt_entry_main                          0x00000367   Thumb Code     0  __rtentry2.o(.ARM.Collect$$rtentry$$0000000D)
    __rt_entry_postli_1                      0x00000367   Thumb Code     0  __rtentry2.o(.ARM.Collect$$rtentry$$0000000C)
    __rt_exit                                0x0000036f   Thumb Code     0  rtexit.o(.ARM.Collect$$rtexit$$00000000)
    __rt_exit_ls                             0x00000371   Thumb Code     0  rtexit2.o(.ARM.Collect$$rtexit$$00000003)
    __rt_exit_prels_1                        0x00000371   Thumb Code     0  rtexit2.o(.ARM.Collect$$rtexit$$00000002)
    __rt_exit_exit                           0x00000375   Thumb Code     0  rtexit2.o(.ARM.Collect$$rtexit$$00000004)
    DisableInterrupts                        0x0000037d   Thumb Code     0  startup.o(.text)
    EnableInterrupts                         0x00000381   Thumb Code     0  startup.o(.text)
    StartCritical                            0x00000385   Thumb Code     0  startup.o(.text)
    EndCritical                              0x0000038d   Thumb Code     0  startup.o(.text)
    WaitForInterrupt                         0x00000393   Thumb Code     0  startup.o(.text)
    __user_initial_stackheap                 0x00000397   Thumb Code     0  startup.o(.text)
    PLL_Init                                 0x000003ad   Thumb Code     0  utils.o(.text)
    SysTick_Init                             0x000004d5   Thumb Code     0  utils.o(.text)
    SysTick_Wait1ms                          0x0000050f   Thumb Code     0  utils.o(.text)
    SysTick_Wait1us                          0x00000521   Thumb Code     0  utils.o(.text)
    sprintf                                  0x00000591   Thumb Code    38  sprintf.o(.text)
    __use_two_region_memory                  0x000005bd   Thumb Code     2  heapauxi.o(.text)
    __rt_heap_escrow$2region                 0x000005bf   Thumb Code     2  heapauxi.o(.text)
    __rt_heap_expand$2region                 0x000005c1   Thumb Code     2  heapauxi.o(.text)
    _printf_pre_padding                      0x000005c3   Thumb Code    44  _printf_pad.o(.text)
    _printf_post_padding                     0x000005ef   Thumb Code    34  _printf_pad.o(.text)
    _printf_truncate_signed                  0x00000611   Thumb Code    18  _printf_truncate.o(.text)
    _printf_truncate_unsigned                0x00000623   Thumb Code    18  _printf_truncate.o(.text)
    _printf_str                              0x00000635   Thumb Code    82  _printf_str.o(.text)
    _printf_int_dec                          0x00000689   Thumb Code   104  _printf_dec.o(.text)
    _printf_charcount                        0x00000701   Thumb Code    40  _printf_charcount.o(.text)
    _printf_char_common                      0x00000733   Thumb Code    32  _printf_char_common.o(.text)
    _sputc                                   0x00000759   Thumb Code    10  _sputc.o(.text)
    _printf_wctomb                           0x00000765   Thumb Code   182  _printf_wctomb.o(.text)
    _printf_longlong_dec                     0x00000821   Thumb Code   108  _printf_longlong_dec.o(.text)
    _printf_longlong_oct                     0x0000089d   Thumb Code    68  _printf_oct_int_ll.o(.text)
    _printf_int_oct                          0x000008e1   Thumb Code    24  _printf_oct_int_ll.o(.text)
    _printf_ll_oct                           0x000008f9   Thumb Code    12  _printf_oct_int_ll.o(.text)
    _printf_longlong_hex                     0x0000090d   Thumb Code    86  _printf_hex_int_ll_ptr.o(.text)
    _printf_int_hex                          0x00000963   Thumb Code    28  _printf_hex_int_ll_ptr.o(.text)
    _printf_ll_hex                           0x0000097f   Thumb Code    12  _printf_hex_int_ll_ptr.o(.text)
    _printf_hex_ptr                          0x0000098b   Thumb Code    18  _printf_hex_int_ll_ptr.o(.text)
    __printf                                 0x000009a1   Thumb Code   388  __printf_flags_ss_wp.o(.text)
    _ll_udiv10                               0x00000b29   Thumb Code   138  lludiv10.o(.text)
    _printf_int_common                       0x00000bb3   Thumb Code   178  _printf_intcommon.o(.text)
    _printf_fp_dec_real                      0x00000e15   Thumb Code   620  _printf_fp_dec.o(.text)
    _printf_fp_hex_real                      0x00001081   Thumb Code   756  _printf_fp_hex.o(.text)
    _printf_cs_common                        0x0000137d   Thumb Code    20  _printf_char.o(.text)
    _printf_char                             0x00001391   Thumb Code    16  _printf_char.o(.text)
    _printf_string                           0x000013a1   Thumb Code     8  _printf_char.o(.text)
    _printf_lcs_common                       0x000013a9   Thumb Code    20  _printf_wchar.o(.text)
    _printf_wchar                            0x000013bd   Thumb Code    16  _printf_wchar.o(.text)
    _printf_wstring                          0x000013cd   Thumb Code     8  _printf_wchar.o(.text)
    _c16rtomb                                0x000013d5   Thumb Code    72  _c16rtomb.o(.text)
    _wcrtomb                                 0x000013d5   Thumb Code     0  _c16rtomb.o(.text)
    __user_setup_stackheap                   0x0000141d   Thumb Code    74  sys_stackheap_outer.o(.text)
    __rt_ctype_table                         0x00001469   Thumb Code    16  rt_ctype_table.o(.text)
    __rt_locale                              0x00001479   Thumb Code     8  rt_locale_intlibspace.o(.text)
    _printf_fp_infnan                        0x00001481   Thumb Code   112  _printf_fp_infnan.o(.text)
    _btod_etento                             0x00001501   Thumb Code   224  bigflt0.o(.text)
    exit                                     0x000015e5   Thumb Code    18  exit.o(.text)
    __user_libspace                          0x000015f9   Thumb Code     8  libspace.o(.text)
    __user_perproc_libspace                  0x000015f9   Thumb Code     0  libspace.o(.text)
    __user_perthread_libspace                0x000015f9   Thumb Code     0  libspace.o(.text)
    strcmp                                   0x00001601   Thumb Code   124  strcmpv7em.o(.text)
    _sys_exit                                0x0000167d   Thumb Code     8  sys_exit.o(.text)
    __I$use$semihosting                      0x00001689   Thumb Code     0  use_no_semi.o(.text)
    __use_no_semihosting_swi                 0x00001689   Thumb Code     2  use_no_semi.o(.text)
    __semihosting_library_function           0x0000168b   Thumb Code     0  indicate_semi.o(.text)
    GPIO_Init                                0x0000168d   Thumb Code   746  gpio.o(.text.GPIO_Init)
    UART_available                           0x00001979   Thumb Code    22  uart.o(.text.UART_available)
    UART_init                                0x00001991   Thumb Code   112  uart.o(.text.UART_init)
    UART_read_char                           0x00001a01   Thumb Code    36  uart.o(.text.UART_read_char)
    UART_send_char                           0x00001a25   Thumb Code    46  uart.o(.text.UART_send_char)
    UART_send_string                         0x00001a55   Thumb Code    34  uart.o(.text.UART_send_string)
    handle_idle_state                        0x00001a79   Thumb Code    62  main.o(.text.handle_idle_state)
    handle_menu_state                        0x00001ab9   Thumb Code    96  main.o(.text.handle_menu_state)
    handle_potentiometer_state               0x00001b19   Thumb Code    96  main.o(.text.handle_potentiometer_state)
    handle_terminal_state                    0x00001b79   Thumb Code   594  main.o(.text.handle_terminal_state)
    main                                     0x00001dcd   Thumb Code    94  main.o(.text.main)
    _btod_d2e                                0x00001e2b   Thumb Code    62  btod.o(CL$$btod_d2e)
    _d2e_denorm_low                          0x00001e69   Thumb Code    70  btod.o(CL$$btod_d2e_denorm_low)
    _d2e_norm_op1                            0x00001eaf   Thumb Code    96  btod.o(CL$$btod_d2e_norm_op1)
    __btod_div_common                        0x00001f11   Thumb Code   696  btod.o(CL$$btod_div_common)
    _e2e                                     0x00002249   Thumb Code   220  btod.o(CL$$btod_e2e)
    _btod_ediv                               0x00002325   Thumb Code    42  btod.o(CL$$btod_ediv)
    _btod_emul                               0x0000234f   Thumb Code    42  btod.o(CL$$btod_emul)
    __btod_mult_common                       0x00002379   Thumb Code   580  btod.o(CL$$btod_mult_common)
    __ARM_fpclassify                         0x000025bd   Thumb Code    48  fpclassify.o(i.__ARM_fpclassify)
    _is_digit                                0x000025ed   Thumb Code    14  __printf_wp.o(i._is_digit)
    _get_lc_numeric                          0x000025fd   Thumb Code    44  lc_numeric_c.o(locale$$code)
    _get_lc_ctype                            0x00002629   Thumb Code    44  lc_ctype_c.o(locale$$code)
    _fp_init                                 0x00002655   Thumb Code    26  fpinit.o(x$fpl$fpinit)
    __fplib_config_fpu_vfp                   0x0000266d   Thumb Code     0  fpinit.o(x$fpl$fpinit)
    __fplib_config_pureend_doubles           0x0000266d   Thumb Code     0  fpinit.o(x$fpl$fpinit)
    _printf_fp_dec                           0x0000266f   Thumb Code     4  printf1.o(x$fpl$printf1)
    _printf_fp_hex                           0x00002673   Thumb Code     4  printf2.o(x$fpl$printf2)
    __I$use$fp                               0x00002676   Number         0  usenofp.o(x$fpl$usenofp)
    Region$$Table$$Base                      0x000028a0   Number         0  anon$$obj.o(Region$$Table)
    Region$$Table$$Limit                     0x000028c0   Number         0  anon$$obj.o(Region$$Table)
    __ctype                                  0x000028e9   Data           0  lc_ctype_c.o(locale$$data)
    pwm_duty_cycle                           0x20000000   Data           4  main.o(.data.pwm_duty_cycle)
    pwm_duty_cycle_target                    0x20000004   Data           4  main.o(.data.pwm_duty_cycle_target)
    __libspace_start                         0x20000008   Data          96  libspace.o(.bss)
    __temporary_stack_top$libspace           0x20000068   Data           0  libspace.o(.bss)
    direction                                0x20000068   Data           1  main.o(.bss.direction)
    direction_target                         0x20000069   Data           1  main.o(.bss.direction_target)
    program_state                            0x2000006a   Data           1  main.o(.bss.program_state)
    read_char                                0x2000006b   Data           1  main.o(.bss.read_char)



==============================================================================

Memory Map of the image

  Image Entry point : 0x00000209

  Load Region LR_1 (Base: 0x00000000, Size: 0x000029f4, Max: 0xffffffff, ABSOLUTE)

    Execution Region ER_RO (Exec base: 0x00000000, Load base: 0x00000000, Size: 0x000029ec, Max: 0xffffffff, ABSOLUTE)

    Exec Addr    Load Addr    Size         Type   Attr      Idx    E Section Name        Object

    0x00000000   0x00000000   0x00000230   Code   RO            3  * RESET               startup.o
    0x00000230   0x00000230   0x00000008   Code   RO           82  * !!!main             c_w.l(__main.o)
    0x00000238   0x00000238   0x00000034   Code   RO          417    !!!scatter          c_w.l(__scatter.o)
    0x0000026c   0x0000026c   0x0000001a   Code   RO          419    !!handler_copy      c_w.l(__scatter_copy.o)
    0x00000286   0x00000286   0x00000002   PAD
    0x00000288   0x00000288   0x0000001c   Code   RO          421    !!handler_zi        c_w.l(__scatter_zi.o)
    0x000002a4   0x000002a4   0x00000000   Code   RO          166    .ARM.Collect$$_printf_percent$$00000000  c_w.l(_printf_percent.o)
    0x000002a4   0x000002a4   0x00000006   Code   RO          155    .ARM.Collect$$_printf_percent$$00000001  c_w.l(_printf_n.o)
    0x000002aa   0x000002aa   0x00000006   Code   RO          157    .ARM.Collect$$_printf_percent$$00000002  c_w.l(_printf_p.o)
    0x000002b0   0x000002b0   0x00000006   Code   RO          162    .ARM.Collect$$_printf_percent$$00000003  c_w.l(_printf_f.o)
    0x000002b6   0x000002b6   0x00000006   Code   RO          163    .ARM.Collect$$_printf_percent$$00000004  c_w.l(_printf_e.o)
    0x000002bc   0x000002bc   0x00000006   Code   RO          164    .ARM.Collect$$_printf_percent$$00000005  c_w.l(_printf_g.o)
    0x000002c2   0x000002c2   0x00000006   Code   RO          165    .ARM.Collect$$_printf_percent$$00000006  c_w.l(_printf_a.o)
    0x000002c8   0x000002c8   0x0000000a   Code   RO          170    .ARM.Collect$$_printf_percent$$00000007  c_w.l(_printf_ll.o)
    0x000002d2   0x000002d2   0x00000006   Code   RO          159    .ARM.Collect$$_printf_percent$$00000008  c_w.l(_printf_i.o)
    0x000002d8   0x000002d8   0x00000006   Code   RO          160    .ARM.Collect$$_printf_percent$$00000009  c_w.l(_printf_d.o)
    0x000002de   0x000002de   0x00000006   Code   RO          161    .ARM.Collect$$_printf_percent$$0000000A  c_w.l(_printf_u.o)
    0x000002e4   0x000002e4   0x00000006   Code   RO          158    .ARM.Collect$$_printf_percent$$0000000B  c_w.l(_printf_o.o)
    0x000002ea   0x000002ea   0x00000006   Code   RO          156    .ARM.Collect$$_printf_percent$$0000000C  c_w.l(_printf_x.o)
    0x000002f0   0x000002f0   0x00000006   Code   RO          167    .ARM.Collect$$_printf_percent$$0000000D  c_w.l(_printf_lli.o)
    0x000002f6   0x000002f6   0x00000006   Code   RO          168    .ARM.Collect$$_printf_percent$$0000000E  c_w.l(_printf_lld.o)
    0x000002fc   0x000002fc   0x00000006   Code   RO          169    .ARM.Collect$$_printf_percent$$0000000F  c_w.l(_printf_llu.o)
    0x00000302   0x00000302   0x00000006   Code   RO          174    .ARM.Collect$$_printf_percent$$00000010  c_w.l(_printf_llo.o)
    0x00000308   0x00000308   0x00000006   Code   RO          175    .ARM.Collect$$_printf_percent$$00000011  c_w.l(_printf_llx.o)
    0x0000030e   0x0000030e   0x0000000a   Code   RO          171    .ARM.Collect$$_printf_percent$$00000012  c_w.l(_printf_l.o)
    0x00000318   0x00000318   0x00000006   Code   RO          153    .ARM.Collect$$_printf_percent$$00000013  c_w.l(_printf_c.o)
    0x0000031e   0x0000031e   0x00000006   Code   RO          154    .ARM.Collect$$_printf_percent$$00000014  c_w.l(_printf_s.o)
    0x00000324   0x00000324   0x00000006   Code   RO          172    .ARM.Collect$$_printf_percent$$00000015  c_w.l(_printf_lc.o)
    0x0000032a   0x0000032a   0x00000006   Code   RO          173    .ARM.Collect$$_printf_percent$$00000016  c_w.l(_printf_ls.o)
    0x00000330   0x00000330   0x00000004   Code   RO          216    .ARM.Collect$$_printf_percent$$00000017  c_w.l(_printf_percent_end.o)
    0x00000334   0x00000334   0x00000002   Code   RO          267    .ARM.Collect$$libinit$$00000000  c_w.l(libinit.o)
    0x00000336   0x00000336   0x00000004   Code   RO          285    .ARM.Collect$$libinit$$00000001  c_w.l(libinit2.o)
    0x0000033a   0x0000033a   0x00000000   Code   RO          288    .ARM.Collect$$libinit$$00000004  c_w.l(libinit2.o)
    0x0000033a   0x0000033a   0x00000000   Code   RO          291    .ARM.Collect$$libinit$$0000000A  c_w.l(libinit2.o)
    0x0000033a   0x0000033a   0x00000000   Code   RO          293    .ARM.Collect$$libinit$$0000000C  c_w.l(libinit2.o)
    0x0000033a   0x0000033a   0x00000000   Code   RO          295    .ARM.Collect$$libinit$$0000000E  c_w.l(libinit2.o)
    0x0000033a   0x0000033a   0x00000006   Code   RO          296    .ARM.Collect$$libinit$$0000000F  c_w.l(libinit2.o)
    0x00000340   0x00000340   0x00000000   Code   RO          298    .ARM.Collect$$libinit$$00000011  c_w.l(libinit2.o)
    0x00000340   0x00000340   0x0000000c   Code   RO          299    .ARM.Collect$$libinit$$00000012  c_w.l(libinit2.o)
    0x0000034c   0x0000034c   0x00000000   Code   RO          300    .ARM.Collect$$libinit$$00000013  c_w.l(libinit2.o)
    0x0000034c   0x0000034c   0x00000000   Code   RO          302    .ARM.Collect$$libinit$$00000015  c_w.l(libinit2.o)
    0x0000034c   0x0000034c   0x0000000a   Code   RO          303    .ARM.Collect$$libinit$$00000016  c_w.l(libinit2.o)
    0x00000356   0x00000356   0x00000000   Code   RO          304    .ARM.Collect$$libinit$$00000017  c_w.l(libinit2.o)
    0x00000356   0x00000356   0x00000000   Code   RO          306    .ARM.Collect$$libinit$$00000019  c_w.l(libinit2.o)
    0x00000356   0x00000356   0x00000000   Code   RO          308    .ARM.Collect$$libinit$$0000001B  c_w.l(libinit2.o)
    0x00000356   0x00000356   0x00000000   Code   RO          310    .ARM.Collect$$libinit$$0000001D  c_w.l(libinit2.o)
    0x00000356   0x00000356   0x00000000   Code   RO          312    .ARM.Collect$$libinit$$0000001F  c_w.l(libinit2.o)
    0x00000356   0x00000356   0x00000000   Code   RO          314    .ARM.Collect$$libinit$$00000021  c_w.l(libinit2.o)
    0x00000356   0x00000356   0x00000000   Code   RO          316    .ARM.Collect$$libinit$$00000023  c_w.l(libinit2.o)
    0x00000356   0x00000356   0x00000000   Code   RO          318    .ARM.Collect$$libinit$$00000025  c_w.l(libinit2.o)
    0x00000356   0x00000356   0x00000000   Code   RO          322    .ARM.Collect$$libinit$$0000002C  c_w.l(libinit2.o)
    0x00000356   0x00000356   0x00000000   Code   RO          324    .ARM.Collect$$libinit$$0000002E  c_w.l(libinit2.o)
    0x00000356   0x00000356   0x00000000   Code   RO          326    .ARM.Collect$$libinit$$00000030  c_w.l(libinit2.o)
    0x00000356   0x00000356   0x00000000   Code   RO          328    .ARM.Collect$$libinit$$00000032  c_w.l(libinit2.o)
    0x00000356   0x00000356   0x00000002   Code   RO          329    .ARM.Collect$$libinit$$00000033  c_w.l(libinit2.o)
    0x00000358   0x00000358   0x00000002   Code   RO          353    .ARM.Collect$$libshutdown$$00000000  c_w.l(libshutdown.o)
    0x0000035a   0x0000035a   0x00000000   Code   RO          368    .ARM.Collect$$libshutdown$$00000002  c_w.l(libshutdown2.o)
    0x0000035a   0x0000035a   0x00000000   Code   RO          370    .ARM.Collect$$libshutdown$$00000004  c_w.l(libshutdown2.o)
    0x0000035a   0x0000035a   0x00000000   Code   RO          373    .ARM.Collect$$libshutdown$$00000007  c_w.l(libshutdown2.o)
    0x0000035a   0x0000035a   0x00000000   Code   RO          376    .ARM.Collect$$libshutdown$$0000000A  c_w.l(libshutdown2.o)
    0x0000035a   0x0000035a   0x00000000   Code   RO          378    .ARM.Collect$$libshutdown$$0000000C  c_w.l(libshutdown2.o)
    0x0000035a   0x0000035a   0x00000000   Code   RO          381    .ARM.Collect$$libshutdown$$0000000F  c_w.l(libshutdown2.o)
    0x0000035a   0x0000035a   0x00000002   Code   RO          382    .ARM.Collect$$libshutdown$$00000010  c_w.l(libshutdown2.o)
    0x0000035c   0x0000035c   0x00000000   Code   RO           84    .ARM.Collect$$rtentry$$00000000  c_w.l(__rtentry.o)
    0x0000035c   0x0000035c   0x00000000   Code   RO          185    .ARM.Collect$$rtentry$$00000002  c_w.l(__rtentry2.o)
    0x0000035c   0x0000035c   0x00000006   Code   RO          197    .ARM.Collect$$rtentry$$00000004  c_w.l(__rtentry4.o)
    0x00000362   0x00000362   0x00000000   Code   RO          187    .ARM.Collect$$rtentry$$00000009  c_w.l(__rtentry2.o)
    0x00000362   0x00000362   0x00000004   Code   RO          188    .ARM.Collect$$rtentry$$0000000A  c_w.l(__rtentry2.o)
    0x00000366   0x00000366   0x00000000   Code   RO          190    .ARM.Collect$$rtentry$$0000000C  c_w.l(__rtentry2.o)
    0x00000366   0x00000366   0x00000008   Code   RO          191    .ARM.Collect$$rtentry$$0000000D  c_w.l(__rtentry2.o)
    0x0000036e   0x0000036e   0x00000002   Code   RO          276    .ARM.Collect$$rtexit$$00000000  c_w.l(rtexit.o)
    0x00000370   0x00000370   0x00000000   Code   RO          331    .ARM.Collect$$rtexit$$00000002  c_w.l(rtexit2.o)
    0x00000370   0x00000370   0x00000004   Code   RO          332    .ARM.Collect$$rtexit$$00000003  c_w.l(rtexit2.o)
    0x00000374   0x00000374   0x00000006   Code   RO          333    .ARM.Collect$$rtexit$$00000004  c_w.l(rtexit2.o)
    0x0000037a   0x0000037a   0x00000002   PAD
    0x0000037c   0x0000037c   0x00000030   Code   RO            4    .text               startup.o
    0x000003ac   0x000003ac   0x000001e4   Code   RO           12    .text               utils.o
    0x00000590   0x00000590   0x0000002c   Code   RO           78    .text               c_w.l(sprintf.o)
    0x000005bc   0x000005bc   0x00000006   Code   RO           80    .text               c_w.l(heapauxi.o)
    0x000005c2   0x000005c2   0x0000004e   Code   RO           87    .text               c_w.l(_printf_pad.o)
    0x00000610   0x00000610   0x00000024   Code   RO           89    .text               c_w.l(_printf_truncate.o)
    0x00000634   0x00000634   0x00000052   Code   RO           91    .text               c_w.l(_printf_str.o)
    0x00000686   0x00000686   0x00000002   PAD
    0x00000688   0x00000688   0x00000078   Code   RO           93    .text               c_w.l(_printf_dec.o)
    0x00000700   0x00000700   0x00000028   Code   RO           95    .text               c_w.l(_printf_charcount.o)
    0x00000728   0x00000728   0x00000030   Code   RO           97    .text               c_w.l(_printf_char_common.o)
    0x00000758   0x00000758   0x0000000a   Code   RO           99    .text               c_w.l(_sputc.o)
    0x00000762   0x00000762   0x00000002   PAD
    0x00000764   0x00000764   0x000000bc   Code   RO          101    .text               c_w.l(_printf_wctomb.o)
    0x00000820   0x00000820   0x0000007c   Code   RO          104    .text               c_w.l(_printf_longlong_dec.o)
    0x0000089c   0x0000089c   0x00000070   Code   RO          110    .text               c_w.l(_printf_oct_int_ll.o)
    0x0000090c   0x0000090c   0x00000094   Code   RO          130    .text               c_w.l(_printf_hex_int_ll_ptr.o)
    0x000009a0   0x000009a0   0x00000188   Code   RO          150    .text               c_w.l(__printf_flags_ss_wp.o)
    0x00000b28   0x00000b28   0x0000008a   Code   RO          199    .text               c_w.l(lludiv10.o)
    0x00000bb2   0x00000bb2   0x000000b2   Code   RO          201    .text               c_w.l(_printf_intcommon.o)
    0x00000c64   0x00000c64   0x0000041c   Code   RO          203    .text               c_w.l(_printf_fp_dec.o)
    0x00001080   0x00001080   0x000002fc   Code   RO          207    .text               c_w.l(_printf_fp_hex.o)
    0x0000137c   0x0000137c   0x0000002c   Code   RO          212    .text               c_w.l(_printf_char.o)
    0x000013a8   0x000013a8   0x0000002c   Code   RO          214    .text               c_w.l(_printf_wchar.o)
    0x000013d4   0x000013d4   0x00000048   Code   RO          217    .text               c_w.l(_c16rtomb.o)
    0x0000141c   0x0000141c   0x0000004a   Code   RO          219    .text               c_w.l(sys_stackheap_outer.o)
    0x00001466   0x00001466   0x00000002   PAD
    0x00001468   0x00001468   0x00000010   Code   RO          221    .text               c_w.l(rt_ctype_table.o)
    0x00001478   0x00001478   0x00000008   Code   RO          226    .text               c_w.l(rt_locale_intlibspace.o)
    0x00001480   0x00001480   0x00000080   Code   RO          228    .text               c_w.l(_printf_fp_infnan.o)
    0x00001500   0x00001500   0x000000e4   Code   RO          230    .text               c_w.l(bigflt0.o)
    0x000015e4   0x000015e4   0x00000012   Code   RO          260    .text               c_w.l(exit.o)
    0x000015f6   0x000015f6   0x00000002   PAD
    0x000015f8   0x000015f8   0x00000008   Code   RO          273    .text               c_w.l(libspace.o)
    0x00001600   0x00001600   0x0000007c   Code   RO          283    .text               c_w.l(strcmpv7em.o)
    0x0000167c   0x0000167c   0x0000000c   Code   RO          343    .text               c_w.l(sys_exit.o)
    0x00001688   0x00001688   0x00000002   Code   RO          358    .text               c_w.l(use_no_semi.o)
    0x0000168a   0x0000168a   0x00000000   Code   RO          360    .text               c_w.l(indicate_semi.o)
    0x0000168a   0x0000168a   0x00000002   PAD
    0x0000168c   0x0000168c   0x000002ea   Code   RO           41    .text.GPIO_Init     gpio.o
    0x00001976   0x00001976   0x00000002   PAD
    0x00001978   0x00001978   0x00000016   Code   RO           68    .text.UART_available  uart.o
    0x0000198e   0x0000198e   0x00000002   PAD
    0x00001990   0x00001990   0x00000070   Code   RO           60    .text.UART_init     uart.o
    0x00001a00   0x00001a00   0x00000024   Code   RO           66    .text.UART_read_char  uart.o
    0x00001a24   0x00001a24   0x0000002e   Code   RO           62    .text.UART_send_char  uart.o
    0x00001a52   0x00001a52   0x00000002   PAD
    0x00001a54   0x00001a54   0x00000022   Code   RO           64    .text.UART_send_string  uart.o
    0x00001a76   0x00001a76   0x00000002   PAD
    0x00001a78   0x00001a78   0x0000003e   Code   RO           18    .text.handle_idle_state  main.o
    0x00001ab6   0x00001ab6   0x00000002   PAD
    0x00001ab8   0x00001ab8   0x00000060   Code   RO           20    .text.handle_menu_state  main.o
    0x00001b18   0x00001b18   0x00000060   Code   RO           22    .text.handle_potentiometer_state  main.o
    0x00001b78   0x00001b78   0x00000252   Code   RO           24    .text.handle_terminal_state  main.o
    0x00001dca   0x00001dca   0x00000002   PAD
    0x00001dcc   0x00001dcc   0x0000005e   Code   RO           16    .text.main          main.o
    0x00001e2a   0x00001e2a   0x0000003e   Code   RO          233    CL$$btod_d2e        c_w.l(btod.o)
    0x00001e68   0x00001e68   0x00000046   Code   RO          235    CL$$btod_d2e_denorm_low  c_w.l(btod.o)
    0x00001eae   0x00001eae   0x00000060   Code   RO          234    CL$$btod_d2e_norm_op1  c_w.l(btod.o)
    0x00001f0e   0x00001f0e   0x00000002   PAD
    0x00001f10   0x00001f10   0x00000338   Code   RO          243    CL$$btod_div_common  c_w.l(btod.o)
    0x00002248   0x00002248   0x000000dc   Code   RO          240    CL$$btod_e2e        c_w.l(btod.o)
    0x00002324   0x00002324   0x0000002a   Code   RO          237    CL$$btod_ediv       c_w.l(btod.o)
    0x0000234e   0x0000234e   0x0000002a   Code   RO          236    CL$$btod_emul       c_w.l(btod.o)
    0x00002378   0x00002378   0x00000244   Code   RO          242    CL$$btod_mult_common  c_w.l(btod.o)
    0x000025bc   0x000025bc   0x00000030   Code   RO          271    i.__ARM_fpclassify  m_wm.l(fpclassify.o)
    0x000025ec   0x000025ec   0x0000000e   Code   RO          143    i._is_digit         c_w.l(__printf_wp.o)
    0x000025fa   0x000025fa   0x00000002   PAD
    0x000025fc   0x000025fc   0x0000002c   Code   RO          258    locale$$code        c_w.l(lc_numeric_c.o)
    0x00002628   0x00002628   0x0000002c   Code   RO          281    locale$$code        c_w.l(lc_ctype_c.o)
    0x00002654   0x00002654   0x0000001a   Code   RO          341    x$fpl$fpinit        fz_wm.l(fpinit.o)
    0x0000266e   0x0000266e   0x00000004   Code   RO          176    x$fpl$printf1       fz_wm.l(printf1.o)
    0x00002672   0x00002672   0x00000004   Code   RO          178    x$fpl$printf2       fz_wm.l(printf2.o)
    0x00002676   0x00002676   0x00000000   Code   RO          270    x$fpl$usenofp       fz_wm.l(usenofp.o)
    0x00002676   0x00002676   0x00000002   PAD
    0x00002678   0x00002678   0x00000008   Data   RO          102    .constdata          c_w.l(_printf_wctomb.o)
    0x00002680   0x00002680   0x00000028   Data   RO          131    .constdata          c_w.l(_printf_hex_int_ll_ptr.o)
    0x000026a8   0x000026a8   0x00000011   Data   RO          151    .constdata          c_w.l(__printf_flags_ss_wp.o)
    0x000026b9   0x000026b9   0x00000026   Data   RO          208    .constdata          c_w.l(_printf_fp_hex.o)
    0x000026df   0x000026df   0x00000001   PAD
    0x000026e0   0x000026e0   0x00000094   Data   RO          231    .constdata          c_w.l(bigflt0.o)
    0x00002774   0x00002774   0x0000012c   Data   RO           32    .rodata.str1.1      main.o
    0x000028a0   0x000028a0   0x00000020   Data   RO          416    Region$$Table       anon$$obj.o
    0x000028c0   0x000028c0   0x0000001c   Data   RO          257    locale$$data        c_w.l(lc_numeric_c.o)
    0x000028dc   0x000028dc   0x00000110   Data   RO          280    locale$$data        c_w.l(lc_ctype_c.o)


    Execution Region ER_RW (Exec base: 0x20000000, Load base: 0x000029ec, Size: 0x00000008, Max: 0xffffffff, ABSOLUTE)

    Exec Addr    Load Addr    Size         Type   Attr      Idx    E Section Name        Object

    0x20000000   0x000029ec   0x00000004   Data   RW           30    .data.pwm_duty_cycle  main.o
    0x20000004   0x000029f0   0x00000004   Data   RW           31    .data.pwm_duty_cycle_target  main.o


    Execution Region ER_ZI (Exec base: 0x20000008, Load base: 0x000029f4, Size: 0x00000468, Max: 0xffffffff, ABSOLUTE)

    Exec Addr    Load Addr    Size         Type   Attr      Idx    E Section Name        Object

    0x20000008        -       0x00000060   Zero   RW          274    .bss                c_w.l(libspace.o)
    0x20000068        -       0x00000001   Zero   RW           28    .bss.direction      main.o
    0x20000069        -       0x00000001   Zero   RW           29    .bss.direction_target  main.o
    0x2000006a        -       0x00000001   Zero   RW           26    .bss.program_state  main.o
    0x2000006b        -       0x00000001   Zero   RW           27    .bss.read_char      main.o
    0x2000006c   0x000029f4   0x00000004   PAD
    0x20000070        -       0x00000000   Zero   RW            2    HEAP                startup.o
    0x20000070        -       0x00000400   Zero   RW            1    STACK               startup.o


==============================================================================

Image component sizes


      Code (inc. data)   RO Data    RW Data    ZI Data      Debug   Object Name

       746          0          0          0          0        676   gpio.o
       942          4        300          8          4       1862   main.o
       608        532          0          0       1024        984   startup.o
       250          0          0          0          0       1062   uart.o
       484         92          0          0          0        356   utils.o

    ----------------------------------------------------------------------
      3042        628        332          8       1032       4940   Object Totals
         0          0         32          0          0          0   (incl. Generated)
        12          0          0          0          4          0   (incl. Padding)

    ----------------------------------------------------------------------

      Code (inc. data)   RO Data    RW Data    ZI Data      Debug   Library Member Name

         8          0          0          0          0         68   __main.o
       392          4         17          0          0         92   __printf_flags_ss_wp.o
        14          0          0          0          0         68   __printf_wp.o
         0          0          0          0          0          0   __rtentry.o
        12          0          0          0          0          0   __rtentry2.o
         6          0          0          0          0          0   __rtentry4.o
        52          8          0          0          0          0   __scatter.o
        26          0          0          0          0          0   __scatter_copy.o
        28          0          0          0          0          0   __scatter_zi.o
        72          0          0          0          0         96   _c16rtomb.o
         6          0          0          0          0          0   _printf_a.o
         6          0          0          0          0          0   _printf_c.o
        44          0          0          0          0        108   _printf_char.o
        48          6          0          0          0         96   _printf_char_common.o
        40          0          0          0          0         68   _printf_charcount.o
         6          0          0          0          0          0   _printf_d.o
       120         16          0          0          0         92   _printf_dec.o
         6          0          0          0          0          0   _printf_e.o
         6          0          0          0          0          0   _printf_f.o
      1052          0          0          0          0        148   _printf_fp_dec.o
       764          8         38          0          0        100   _printf_fp_hex.o
       128         16          0          0          0         84   _printf_fp_infnan.o
         6          0          0          0          0          0   _printf_g.o
       148          4         40          0          0        160   _printf_hex_int_ll_ptr.o
         6          0          0          0          0          0   _printf_i.o
       178          0          0          0          0         88   _printf_intcommon.o
        10          0          0          0          0          0   _printf_l.o
         6          0          0          0          0          0   _printf_lc.o
        10          0          0          0          0          0   _printf_ll.o
         6          0          0          0          0          0   _printf_lld.o
         6          0          0          0          0          0   _printf_lli.o
         6          0          0          0          0          0   _printf_llo.o
         6          0          0          0          0          0   _printf_llu.o
         6          0          0          0          0          0   _printf_llx.o
       124         16          0          0          0         92   _printf_longlong_dec.o
         6          0          0          0          0          0   _printf_ls.o
         6          0          0          0          0          0   _printf_n.o
         6          0          0          0          0          0   _printf_o.o
       112          8          0          0          0        124   _printf_oct_int_ll.o
         6          0          0          0          0          0   _printf_p.o
        78          0          0          0          0        108   _printf_pad.o
         0          0          0          0          0          0   _printf_percent.o
         4          0          0          0          0          0   _printf_percent_end.o
         6          0          0          0          0          0   _printf_s.o
        82          0          0          0          0         80   _printf_str.o
        36          0          0          0          0         84   _printf_truncate.o
         6          0          0          0          0          0   _printf_u.o
        44          0          0          0          0        108   _printf_wchar.o
       188          6          8          0          0         92   _printf_wctomb.o
         6          0          0          0          0          0   _printf_x.o
        10          0          0          0          0         68   _sputc.o
       228          4        148          0          0         96   bigflt0.o
      1936        128          0          0          0        668   btod.o
        18          0          0          0          0         80   exit.o
         6          0          0          0          0        152   heapauxi.o
         0          0          0          0          0          0   indicate_semi.o
        44         10        272          0          0         76   lc_ctype_c.o
        44         10         28          0          0         76   lc_numeric_c.o
         2          0          0          0          0          0   libinit.o
        34          0          0          0          0          0   libinit2.o
         2          0          0          0          0          0   libshutdown.o
         2          0          0          0          0          0   libshutdown2.o
         8          4          0          0         96         68   libspace.o
       138          0          0          0          0         80   lludiv10.o
        16          4          0          0          0         76   rt_ctype_table.o
         8          4          0          0          0         68   rt_locale_intlibspace.o
         2          0          0          0          0          0   rtexit.o
        10          0          0          0          0          0   rtexit2.o
        44          6          0          0          0         84   sprintf.o
       124          0          0          0          0         88   strcmpv7em.o
        12          4          0          0          0         68   sys_exit.o
        74          0          0          0          0         80   sys_stackheap_outer.o
         2          0          0          0          0         68   use_no_semi.o
        26          0          0          0          0        116   fpinit.o
         4          0          0          0          0        116   printf1.o
         4          0          0          0          0        116   printf2.o
         0          0          0          0          0          0   usenofp.o
        48          0          0          0          0        124   fpclassify.o

    ----------------------------------------------------------------------
      6806        266        552          0         96       4324   Library Totals
        20          0          1          0          0          0   (incl. Padding)

    ----------------------------------------------------------------------

      Code (inc. data)   RO Data    RW Data    ZI Data      Debug   Library Name

      6704        266        551          0         96       3852   c_w.l
        34          0          0          0          0        348   fz_wm.l
        48          0          0          0          0        124   m_wm.l

    ----------------------------------------------------------------------
      6806        266        552          0         96       4324   Library Totals

    ----------------------------------------------------------------------

==============================================================================


      Code (inc. data)   RO Data    RW Data    ZI Data      Debug   

      9848        894        884          8       1128       6996   Grand Totals
      9848        894        884          8       1128       6996   ELF Image Totals
      9848        894        884          8          0          0   ROM Totals

==============================================================================

    Total RO  Size (Code + RO Data)                10732 (  10.48kB)
    Total RW  Size (RW Data + ZI Data)              1136 (   1.11kB)
    Total ROM Size (Code + RO Data + RW Data)      10740 (  10.49kB)

==============================================================================

