Component: ARM Compiler 6.16 Tool: armlink [5dfeaa00]

==============================================================================

Section Cross References

    startup.o(STACK) refers (Special) to heapauxi.o(.text) for __use_two_region_memory
    startup.o(HEAP) refers (Special) to heapauxi.o(.text) for __use_two_region_memory
    startup.o(RESET) refers (Special) to heapauxi.o(.text) for __use_two_region_memory
    startup.o(RESET) refers to startup.o(STACK) for StackMem
    startup.o(RESET) refers to gpio.o(.text.Timer2A_Handler) for Timer2A_Handler
    startup.o(RESET) refers to __main.o(!!!main) for __main
    startup.o(.text) refers (Special) to heapauxi.o(.text) for __use_two_region_memory
    startup.o(.text) refers to startup.o(HEAP) for HeapMem
    startup.o(.text) refers to startup.o(STACK) for StackMem
    main.o(.text) refers (Special) to _printf_d.o(.ARM.Collect$$_printf_percent$$00000009) for _printf_d
    main.o(.text) refers (Special) to _printf_dec.o(.text) for _printf_int_dec
    main.o(.text) refers (Special) to _printf_percent.o(.ARM.Collect$$_printf_percent$$00000000) for _printf_percent
    main.o(.text) refers (Special) to _printf_pad.o(.text) for _printf_pre_padding
    main.o(.text) refers (Special) to _printf_s.o(.ARM.Collect$$_printf_percent$$00000014) for _printf_s
    main.o(.text) refers (Special) to _printf_str.o(.text) for _printf_str
    main.o(.text.wishedMessage) refers (Special) to _printf_d.o(.ARM.Collect$$_printf_percent$$00000009) for _printf_d
    main.o(.text.wishedMessage) refers (Special) to _printf_dec.o(.text) for _printf_int_dec
    main.o(.text.wishedMessage) refers (Special) to _printf_percent.o(.ARM.Collect$$_printf_percent$$00000000) for _printf_percent
    main.o(.text.wishedMessage) refers (Special) to _printf_pad.o(.text) for _printf_pre_padding
    main.o(.text.wishedMessage) refers (Special) to _printf_s.o(.ARM.Collect$$_printf_percent$$00000014) for _printf_s
    main.o(.text.wishedMessage) refers (Special) to _printf_str.o(.text) for _printf_str
    main.o(.text.wishedMessage) refers to main.o(.rodata.str1.1) for .L.str.2
    main.o(.text.wishedMessage) refers to noretval__2sprintf.o(.text) for __2sprintf
    main.o(.text.wishedMessage) refers to handlerlcd.o(.text.insertMessageLCD) for insertMessageLCD
    main.o(.ARM.exidx.text.wishedMessage) refers (Special) to _printf_d.o(.ARM.Collect$$_printf_percent$$00000009) for _printf_d
    main.o(.ARM.exidx.text.wishedMessage) refers (Special) to _printf_dec.o(.text) for _printf_int_dec
    main.o(.ARM.exidx.text.wishedMessage) refers (Special) to _printf_percent.o(.ARM.Collect$$_printf_percent$$00000000) for _printf_percent
    main.o(.ARM.exidx.text.wishedMessage) refers (Special) to _printf_pad.o(.text) for _printf_pre_padding
    main.o(.ARM.exidx.text.wishedMessage) refers (Special) to _printf_s.o(.ARM.Collect$$_printf_percent$$00000014) for _printf_s
    main.o(.ARM.exidx.text.wishedMessage) refers (Special) to _printf_str.o(.text) for _printf_str
    main.o(.ARM.exidx.text.wishedMessage) refers to main.o(.text.wishedMessage) for [Anonymous Symbol]
    main.o(.text.main) refers (Special) to _printf_d.o(.ARM.Collect$$_printf_percent$$00000009) for _printf_d
    main.o(.text.main) refers (Special) to _printf_dec.o(.text) for _printf_int_dec
    main.o(.text.main) refers (Special) to _printf_percent.o(.ARM.Collect$$_printf_percent$$00000000) for _printf_percent
    main.o(.text.main) refers (Special) to _printf_pad.o(.text) for _printf_pre_padding
    main.o(.text.main) refers (Special) to _printf_s.o(.ARM.Collect$$_printf_percent$$00000014) for _printf_s
    main.o(.text.main) refers (Special) to _printf_str.o(.text) for _printf_str
    main.o(.text.main) refers to utils.o(.text) for PLL_Init
    main.o(.text.main) refers to handlerled.o(.text.GPIOInitLed) for GPIOInitLed
    main.o(.text.main) refers to handlerledplaca.o(.text.GPIOInitLedPlaca) for GPIOInitLedPlaca
    main.o(.text.main) refers to handlerlcd.o(.text.GPIOInitLCD) for GPIOInitLCD
    main.o(.text.main) refers to handlerteclado.o(.text.GPIOInitTeclado) for GPIOInitTeclado
    main.o(.text.main) refers to handlerled.o(.text.handleTransistorLed) for handleTransistorLed
    main.o(.ARM.exidx.text.main) refers (Special) to _printf_d.o(.ARM.Collect$$_printf_percent$$00000009) for _printf_d
    main.o(.ARM.exidx.text.main) refers (Special) to _printf_dec.o(.text) for _printf_int_dec
    main.o(.ARM.exidx.text.main) refers (Special) to _printf_percent.o(.ARM.Collect$$_printf_percent$$00000000) for _printf_percent
    main.o(.ARM.exidx.text.main) refers (Special) to _printf_pad.o(.text) for _printf_pre_padding
    main.o(.ARM.exidx.text.main) refers (Special) to _printf_s.o(.ARM.Collect$$_printf_percent$$00000014) for _printf_s
    main.o(.ARM.exidx.text.main) refers (Special) to _printf_str.o(.text) for _printf_str
    main.o(.ARM.exidx.text.main) refers to main.o(.text.main) for [Anonymous Symbol]
    main.o(.rodata.str1.1) refers (Special) to _printf_d.o(.ARM.Collect$$_printf_percent$$00000009) for _printf_d
    main.o(.rodata.str1.1) refers (Special) to _printf_dec.o(.text) for _printf_int_dec
    main.o(.rodata.str1.1) refers (Special) to _printf_percent.o(.ARM.Collect$$_printf_percent$$00000000) for _printf_percent
    main.o(.rodata.str1.1) refers (Special) to _printf_pad.o(.text) for _printf_pre_padding
    main.o(.rodata.str1.1) refers (Special) to _printf_s.o(.ARM.Collect$$_printf_percent$$00000014) for _printf_s
    main.o(.rodata.str1.1) refers (Special) to _printf_str.o(.text) for _printf_str
    main.o(.ARM.use_no_argv) refers (Special) to _printf_d.o(.ARM.Collect$$_printf_percent$$00000009) for _printf_d
    main.o(.ARM.use_no_argv) refers (Special) to _printf_dec.o(.text) for _printf_int_dec
    main.o(.ARM.use_no_argv) refers (Special) to _printf_percent.o(.ARM.Collect$$_printf_percent$$00000000) for _printf_percent
    main.o(.ARM.use_no_argv) refers (Special) to _printf_pad.o(.text) for _printf_pre_padding
    main.o(.ARM.use_no_argv) refers (Special) to _printf_s.o(.ARM.Collect$$_printf_percent$$00000014) for _printf_s
    main.o(.ARM.use_no_argv) refers (Special) to _printf_str.o(.text) for _printf_str
    gpio.o(.ARM.exidx.text.GPIO_Init) refers to gpio.o(.text.GPIO_Init) for [Anonymous Symbol]
    gpio.o(.ARM.exidx.text.PortJ_Input) refers to gpio.o(.text.PortJ_Input) for [Anonymous Symbol]
    gpio.o(.ARM.exidx.text.PortN_Output) refers to gpio.o(.text.PortN_Output) for [Anonymous Symbol]
    gpio.o(.text.Invertepino) refers to gpio.o(.data.flag) for flag
    gpio.o(.text.Invertepino) refers to gpio.o(.text.PortN_Output) for PortN_Output
    gpio.o(.ARM.exidx.text.Invertepino) refers to gpio.o(.text.Invertepino) for [Anonymous Symbol]
    gpio.o(.text.Timer2A_Handler) refers to gpio.o(.text.Invertepino) for Invertepino
    gpio.o(.ARM.exidx.text.Timer2A_Handler) refers to gpio.o(.text.Timer2A_Handler) for [Anonymous Symbol]
    handlerled.o(.ARM.exidx.text.handleTransistorLed) refers to handlerled.o(.text.handleTransistorLed) for [Anonymous Symbol]
    handlerled.o(.ARM.exidx.text.GPIOInitLed) refers to handlerled.o(.text.GPIOInitLed) for [Anonymous Symbol]
    handlerled.o(.ARM.exidx.text.acendeLed) refers to handlerled.o(.text.acendeLed) for [Anonymous Symbol]
    handlerlcd.o(.ARM.exidx.text.pulseEnable) refers to handlerlcd.o(.text.pulseEnable) for [Anonymous Symbol]
    handlerlcd.o(.text.sendCommandLCD) refers to utils.o(.text) for SysTick_Wait1us
    handlerlcd.o(.text.sendCommandLCD) refers to handlerlcd.o(.text.pulseEnable) for pulseEnable
    handlerlcd.o(.ARM.exidx.text.sendCommandLCD) refers to handlerlcd.o(.text.sendCommandLCD) for [Anonymous Symbol]
    handlerlcd.o(.text.sendData) refers to utils.o(.text) for SysTick_Wait1us
    handlerlcd.o(.text.sendData) refers to handlerlcd.o(.text.pulseEnable) for pulseEnable
    handlerlcd.o(.ARM.exidx.text.sendData) refers to handlerlcd.o(.text.sendData) for [Anonymous Symbol]
    handlerlcd.o(.text.LCDInit) refers to handlerlcd.o(.text.sendCommandLCD) for sendCommandLCD
    handlerlcd.o(.text.LCDInit) refers to utils.o(.text) for SysTick_Wait1us
    handlerlcd.o(.ARM.exidx.text.LCDInit) refers to handlerlcd.o(.text.LCDInit) for [Anonymous Symbol]
    handlerlcd.o(.text.GPIOInitLCD) refers to handlerlcd.o(.text.LCDInit) for LCDInit
    handlerlcd.o(.ARM.exidx.text.GPIOInitLCD) refers to handlerlcd.o(.text.GPIOInitLCD) for [Anonymous Symbol]
    handlerlcd.o(.text.insertMessageLCD) refers to handlerlcd.o(.text.sendCommandLCD) for sendCommandLCD
    handlerlcd.o(.text.insertMessageLCD) refers to handlerlcd.o(.text.sendData) for sendData
    handlerlcd.o(.ARM.exidx.text.insertMessageLCD) refers to handlerlcd.o(.text.insertMessageLCD) for [Anonymous Symbol]
    handlerteclado.o(.ARM.exidx.text.GPIOInitTeclado) refers to handlerteclado.o(.text.GPIOInitTeclado) for [Anonymous Symbol]
    handlerteclado.o(.text.scanKeypad) refers to utils.o(.text) for SysTick_Wait1ms
    handlerteclado.o(.ARM.exidx.text.scanKeypad) refers to handlerteclado.o(.text.scanKeypad) for [Anonymous Symbol]
    handlerledplaca.o(.ARM.exidx.text.GPIOInitLedPlaca) refers to handlerledplaca.o(.text.GPIOInitLedPlaca) for [Anonymous Symbol]
    handlerledplaca.o(.ARM.exidx.text.TIMER2A_Handler) refers to handlerledplaca.o(.text.TIMER2A_Handler) for [Anonymous Symbol]
    handlermotor.o(.ARM.exidx.text.GPIOInitMotor) refers to handlermotor.o(.text.GPIOInitMotor) for [Anonymous Symbol]
    handlermotor.o(.ARM.exidx.text.MotorStepFullPasso) refers to handlermotor.o(.text.MotorStepFullPasso) for [Anonymous Symbol]
    handlermotor.o(.ARM.exidx.text.MotorStepHalfPasso) refers to handlermotor.o(.text.MotorStepHalfPasso) for [Anonymous Symbol]
    handlermotor.o(.text.TurnOnMotor) refers to handlermotor.o(.text.MotorStepFullPasso) for MotorStepFullPasso
    handlermotor.o(.text.TurnOnMotor) refers to utils.o(.text) for SysTick_Wait1ms
    handlermotor.o(.text.TurnOnMotor) refers to handlermotor.o(.text.MotorStepHalfPasso) for MotorStepHalfPasso
    handlermotor.o(.ARM.exidx.text.TurnOnMotor) refers to handlermotor.o(.text.TurnOnMotor) for [Anonymous Symbol]
    __2sprintf.o(.text) refers to _printf_char_common.o(.text) for _printf_char_common
    __2sprintf.o(.text) refers to _sputc.o(.text) for _sputc
    noretval__2sprintf.o(.text) refers to _printf_char_common.o(.text) for _printf_char_common
    noretval__2sprintf.o(.text) refers to _sputc.o(.text) for _sputc
    __printf.o(.text) refers to _printf_percent.o(.ARM.Collect$$_printf_percent$$00000000) for _printf_percent
    _printf_str.o(.text) refers (Special) to _printf_char.o(.text) for _printf_cs_common
    _printf_str.o(.text) refers (Weak) to _printf_pad.o(.text) for _printf_pre_padding
    _printf_str.o(.text) refers (Weak) to _printf_pad.o(.text) for _printf_post_padding
    _printf_dec.o(.text) refers to _printf_intcommon.o(.text) for _printf_int_common
    __printf_flags.o(.text) refers to _printf_percent.o(.ARM.Collect$$_printf_percent$$00000000) for _printf_percent
    __printf_flags.o(.text) refers to __printf_flags.o(.constdata) for .constdata
    __printf_ss.o(.text) refers to _printf_percent.o(.ARM.Collect$$_printf_percent$$00000000) for _printf_percent
    __printf_flags_ss.o(.text) refers to _printf_percent.o(.ARM.Collect$$_printf_percent$$00000000) for _printf_percent
    __printf_flags_ss.o(.text) refers to __printf_flags_ss.o(.constdata) for .constdata
    __printf_wp.o(.text) refers to __printf_wp.o(i._is_digit) for _is_digit
    __printf_wp.o(.text) refers to _printf_percent.o(.ARM.Collect$$_printf_percent$$00000000) for _printf_percent
    __printf_flags_wp.o(.text) refers to __printf_wp.o(i._is_digit) for _is_digit
    __printf_flags_wp.o(.text) refers to _printf_percent.o(.ARM.Collect$$_printf_percent$$00000000) for _printf_percent
    __printf_flags_wp.o(.text) refers to __printf_flags_wp.o(.constdata) for .constdata
    __printf_ss_wp.o(.text) refers to __printf_wp.o(i._is_digit) for _is_digit
    __printf_ss_wp.o(.text) refers to _printf_percent.o(.ARM.Collect$$_printf_percent$$00000000) for _printf_percent
    __printf_flags_ss_wp.o(.text) refers to __printf_wp.o(i._is_digit) for _is_digit
    __printf_flags_ss_wp.o(.text) refers to _printf_percent.o(.ARM.Collect$$_printf_percent$$00000000) for _printf_percent
    __printf_flags_ss_wp.o(.text) refers to __printf_flags_ss_wp.o(.constdata) for .constdata
    _printf_s.o(.ARM.Collect$$_printf_percent$$00000014) refers (Weak) to _printf_char.o(.text) for _printf_string
    _printf_d.o(.ARM.Collect$$_printf_percent$$00000009) refers (Weak) to _printf_dec.o(.text) for _printf_int_dec
    _printf_percent.o(.ARM.Collect$$_printf_percent$$00000000) refers (Special) to _printf_percent_end.o(.ARM.Collect$$_printf_percent$$00000017) for _printf_percent_end
    __main.o(!!!main) refers to __rtentry.o(.ARM.Collect$$rtentry$$00000000) for __rt_entry
    __rtentry.o(.ARM.Collect$$rtentry$$00000000) refers (Special) to __rtentry2.o(.ARM.Collect$$rtentry$$0000000A) for __rt_entry_li
    __rtentry.o(.ARM.Collect$$rtentry$$00000000) refers (Special) to __rtentry2.o(.ARM.Collect$$rtentry$$0000000D) for __rt_entry_main
    __rtentry.o(.ARM.Collect$$rtentry$$00000000) refers (Special) to __rtentry2.o(.ARM.Collect$$rtentry$$0000000C) for __rt_entry_postli_1
    __rtentry.o(.ARM.Collect$$rtentry$$00000000) refers (Special) to __rtentry2.o(.ARM.Collect$$rtentry$$00000009) for __rt_entry_postsh_1
    __rtentry.o(.ARM.Collect$$rtentry$$00000000) refers (Special) to __rtentry2.o(.ARM.Collect$$rtentry$$00000002) for __rt_entry_presh_1
    __rtentry.o(.ARM.Collect$$rtentry$$00000000) refers (Special) to __rtentry4.o(.ARM.Collect$$rtentry$$00000004) for __rt_entry_sh
    _printf_intcommon.o(.text) refers (Weak) to _printf_pad.o(.text) for _printf_pre_padding
    _printf_intcommon.o(.text) refers (Weak) to _printf_pad.o(.text) for _printf_pre_padding
    _printf_intcommon.o(.text) refers (Weak) to _printf_pad.o(.text) for _printf_post_padding
    _printf_char_common.o(.text) refers to __printf_flags_wp.o(.text) for __printf
    _printf_char.o(.text) refers (Weak) to _printf_str.o(.text) for _printf_str
    __rtentry2.o(.ARM.Collect$$rtentry$$00000008) refers to boardinit2.o(.text) for _platform_post_stackheap_init
    __rtentry2.o(.ARM.Collect$$rtentry$$0000000A) refers to libinit.o(.ARM.Collect$$libinit$$00000000) for __rt_lib_init
    __rtentry2.o(.ARM.Collect$$rtentry$$0000000B) refers to boardinit3.o(.text) for _platform_post_lib_init
    __rtentry2.o(.ARM.Collect$$rtentry$$0000000D) refers to main.o(.text.main) for main
    __rtentry2.o(.ARM.Collect$$rtentry$$0000000D) refers to exit.o(.text) for exit
    __rtentry2.o(.ARM.exidx) refers to __rtentry2.o(.ARM.Collect$$rtentry$$00000001) for .ARM.Collect$$rtentry$$00000001
    __rtentry2.o(.ARM.exidx) refers to __rtentry2.o(.ARM.Collect$$rtentry$$00000008) for .ARM.Collect$$rtentry$$00000008
    __rtentry2.o(.ARM.exidx) refers to __rtentry2.o(.ARM.Collect$$rtentry$$0000000A) for .ARM.Collect$$rtentry$$0000000A
    __rtentry2.o(.ARM.exidx) refers to __rtentry2.o(.ARM.Collect$$rtentry$$0000000B) for .ARM.Collect$$rtentry$$0000000B
    __rtentry2.o(.ARM.exidx) refers to __rtentry2.o(.ARM.Collect$$rtentry$$0000000D) for .ARM.Collect$$rtentry$$0000000D
    __rtentry4.o(.ARM.Collect$$rtentry$$00000004) refers to sys_stackheap_outer.o(.text) for __user_setup_stackheap
    __rtentry4.o(.ARM.exidx) refers to __rtentry4.o(.ARM.Collect$$rtentry$$00000004) for .ARM.Collect$$rtentry$$00000004
    sys_stackheap_outer.o(.text) refers to libspace.o(.text) for __user_perproc_libspace
    sys_stackheap_outer.o(.text) refers to startup.o(.text) for __user_initial_stackheap
    exit.o(.text) refers to rtexit.o(.ARM.Collect$$rtexit$$00000000) for __rt_exit
    libinit.o(.ARM.Collect$$libinit$$00000000) refers (Special) to libinit2.o(.ARM.Collect$$libinit$$0000002E) for __rt_lib_init_alloca_1
    libinit.o(.ARM.Collect$$libinit$$00000000) refers (Special) to libinit2.o(.ARM.Collect$$libinit$$0000002C) for __rt_lib_init_argv_1
    libinit.o(.ARM.Collect$$libinit$$00000000) refers (Special) to libinit2.o(.ARM.Collect$$libinit$$0000001B) for __rt_lib_init_atexit_1
    libinit.o(.ARM.Collect$$libinit$$00000000) refers (Special) to libinit2.o(.ARM.Collect$$libinit$$00000021) for __rt_lib_init_clock_1
    libinit.o(.ARM.Collect$$libinit$$00000000) refers (Special) to libinit2.o(.ARM.Collect$$libinit$$00000032) for __rt_lib_init_cpp_1
    libinit.o(.ARM.Collect$$libinit$$00000000) refers (Special) to libinit2.o(.ARM.Collect$$libinit$$00000030) for __rt_lib_init_exceptions_1
    libinit.o(.ARM.Collect$$libinit$$00000000) refers (Special) to libinit2.o(.ARM.Collect$$libinit$$00000001) for __rt_lib_init_fp_1
    libinit.o(.ARM.Collect$$libinit$$00000000) refers (Special) to libinit2.o(.ARM.Collect$$libinit$$0000001F) for __rt_lib_init_fp_trap_1
    libinit.o(.ARM.Collect$$libinit$$00000000) refers (Special) to libinit2.o(.ARM.Collect$$libinit$$00000023) for __rt_lib_init_getenv_1
    libinit.o(.ARM.Collect$$libinit$$00000000) refers (Special) to libinit2.o(.ARM.Collect$$libinit$$0000000A) for __rt_lib_init_heap_1
    libinit.o(.ARM.Collect$$libinit$$00000000) refers (Special) to libinit2.o(.ARM.Collect$$libinit$$00000011) for __rt_lib_init_lc_collate_1
    libinit.o(.ARM.Collect$$libinit$$00000000) refers (Special) to libinit2.o(.ARM.Collect$$libinit$$00000013) for __rt_lib_init_lc_ctype_1
    libinit.o(.ARM.Collect$$libinit$$00000000) refers (Special) to libinit2.o(.ARM.Collect$$libinit$$00000015) for __rt_lib_init_lc_monetary_1
    libinit.o(.ARM.Collect$$libinit$$00000000) refers (Special) to libinit2.o(.ARM.Collect$$libinit$$00000017) for __rt_lib_init_lc_numeric_1
    libinit.o(.ARM.Collect$$libinit$$00000000) refers (Special) to libinit2.o(.ARM.Collect$$libinit$$00000019) for __rt_lib_init_lc_time_1
    libinit.o(.ARM.Collect$$libinit$$00000000) refers (Special) to libinit2.o(.ARM.Collect$$libinit$$00000004) for __rt_lib_init_preinit_1
    libinit.o(.ARM.Collect$$libinit$$00000000) refers (Special) to libinit2.o(.ARM.Collect$$libinit$$0000000E) for __rt_lib_init_rand_1
    libinit.o(.ARM.Collect$$libinit$$00000000) refers (Special) to libinit2.o(.ARM.Collect$$libinit$$00000033) for __rt_lib_init_return
    libinit.o(.ARM.Collect$$libinit$$00000000) refers (Special) to libinit2.o(.ARM.Collect$$libinit$$0000001D) for __rt_lib_init_signal_1
    libinit.o(.ARM.Collect$$libinit$$00000000) refers (Special) to libinit2.o(.ARM.Collect$$libinit$$00000025) for __rt_lib_init_stdio_1
    libinit.o(.ARM.Collect$$libinit$$00000000) refers (Special) to libinit2.o(.ARM.Collect$$libinit$$0000000C) for __rt_lib_init_user_alloc_1
    libspace.o(.text) refers to libspace.o(.bss) for __libspace_start
    rtexit.o(.ARM.Collect$$rtexit$$00000000) refers (Special) to rtexit2.o(.ARM.Collect$$rtexit$$00000004) for __rt_exit_exit
    rtexit.o(.ARM.Collect$$rtexit$$00000000) refers (Special) to rtexit2.o(.ARM.Collect$$rtexit$$00000003) for __rt_exit_ls
    rtexit.o(.ARM.Collect$$rtexit$$00000000) refers (Special) to rtexit2.o(.ARM.Collect$$rtexit$$00000002) for __rt_exit_prels_1
    rtexit.o(.ARM.exidx) refers (Special) to rtexit2.o(.ARM.Collect$$rtexit$$00000004) for __rt_exit_exit
    rtexit.o(.ARM.exidx) refers (Special) to rtexit2.o(.ARM.Collect$$rtexit$$00000003) for __rt_exit_ls
    rtexit.o(.ARM.exidx) refers (Special) to rtexit2.o(.ARM.Collect$$rtexit$$00000002) for __rt_exit_prels_1
    rtexit.o(.ARM.exidx) refers to rtexit.o(.ARM.Collect$$rtexit$$00000000) for .ARM.Collect$$rtexit$$00000000
    libinit2.o(.ARM.Collect$$libinit$$00000001) refers to fpinit.o(x$fpl$fpinit) for _fp_init
    libinit2.o(.ARM.Collect$$libinit$$00000010) refers to libinit2.o(.ARM.Collect$$libinit$$0000000F) for .ARM.Collect$$libinit$$0000000F
    libinit2.o(.ARM.Collect$$libinit$$00000012) refers to libinit2.o(.ARM.Collect$$libinit$$0000000F) for .ARM.Collect$$libinit$$0000000F
    libinit2.o(.ARM.Collect$$libinit$$00000014) refers to libinit2.o(.ARM.Collect$$libinit$$0000000F) for .ARM.Collect$$libinit$$0000000F
    libinit2.o(.ARM.Collect$$libinit$$00000016) refers to libinit2.o(.ARM.Collect$$libinit$$0000000F) for .ARM.Collect$$libinit$$0000000F
    libinit2.o(.ARM.Collect$$libinit$$00000018) refers to libinit2.o(.ARM.Collect$$libinit$$0000000F) for .ARM.Collect$$libinit$$0000000F
    libinit2.o(.ARM.Collect$$libinit$$00000026) refers to argv_veneer.o(.emb_text) for __ARM_argv_veneer
    libinit2.o(.ARM.Collect$$libinit$$00000027) refers to argv_veneer.o(.emb_text) for __ARM_argv_veneer
    rtexit2.o(.ARM.Collect$$rtexit$$00000003) refers to libshutdown.o(.ARM.Collect$$libshutdown$$00000000) for __rt_lib_shutdown
    rtexit2.o(.ARM.Collect$$rtexit$$00000004) refers to sys_exit.o(.text) for _sys_exit
    rtexit2.o(.ARM.exidx) refers to rtexit2.o(.ARM.Collect$$rtexit$$00000001) for .ARM.Collect$$rtexit$$00000001
    rtexit2.o(.ARM.exidx) refers to rtexit2.o(.ARM.Collect$$rtexit$$00000003) for .ARM.Collect$$rtexit$$00000003
    rtexit2.o(.ARM.exidx) refers to rtexit2.o(.ARM.Collect$$rtexit$$00000004) for .ARM.Collect$$rtexit$$00000004
    argv_veneer.o(.emb_text) refers to no_argv.o(.text) for __ARM_get_argv
    sys_exit.o(.text) refers (Special) to use_no_semi.o(.text) for __I$use$semihosting
    sys_exit.o(.text) refers (Special) to indicate_semi.o(.text) for __semihosting_library_function
    sys_exit_hlt.o(.text) refers (Special) to use_no_semi.o(.text) for __I$use$semihosting
    sys_exit_hlt.o(.text) refers (Special) to indicate_semi.o(.text) for __semihosting_library_function
    _get_argv_nomalloc.o(.text) refers (Special) to hrguard.o(.text) for __heap_region$guard
    _get_argv_nomalloc.o(.text) refers to defsig_rtmem_outer.o(.text) for __rt_SIGRTMEM
    _get_argv_nomalloc.o(.text) refers to sys_command.o(.text) for _sys_command_string
    libshutdown.o(.ARM.Collect$$libshutdown$$00000000) refers (Special) to libshutdown2.o(.ARM.Collect$$libshutdown$$00000002) for __rt_lib_shutdown_cpp_1
    libshutdown.o(.ARM.Collect$$libshutdown$$00000000) refers (Special) to libshutdown2.o(.ARM.Collect$$libshutdown$$00000007) for __rt_lib_shutdown_fp_trap_1
    libshutdown.o(.ARM.Collect$$libshutdown$$00000000) refers (Special) to libshutdown2.o(.ARM.Collect$$libshutdown$$0000000F) for __rt_lib_shutdown_heap_1
    libshutdown.o(.ARM.Collect$$libshutdown$$00000000) refers (Special) to libshutdown2.o(.ARM.Collect$$libshutdown$$00000010) for __rt_lib_shutdown_return
    libshutdown.o(.ARM.Collect$$libshutdown$$00000000) refers (Special) to libshutdown2.o(.ARM.Collect$$libshutdown$$0000000A) for __rt_lib_shutdown_signal_1
    libshutdown.o(.ARM.Collect$$libshutdown$$00000000) refers (Special) to libshutdown2.o(.ARM.Collect$$libshutdown$$00000004) for __rt_lib_shutdown_stdio_1
    libshutdown.o(.ARM.Collect$$libshutdown$$00000000) refers (Special) to libshutdown2.o(.ARM.Collect$$libshutdown$$0000000C) for __rt_lib_shutdown_user_alloc_1
    sys_command.o(.text) refers (Special) to use_no_semi.o(.text) for __I$use$semihosting
    sys_command.o(.text) refers (Special) to indicate_semi.o(.text) for __semihosting_library_function
    sys_command_hlt.o(.text) refers (Special) to use_no_semi.o(.text) for __I$use$semihosting
    sys_command_hlt.o(.text) refers (Special) to indicate_semi.o(.text) for __semihosting_library_function
    defsig_rtmem_outer.o(.text) refers to defsig_rtmem_inner.o(.text) for __rt_SIGRTMEM_inner
    defsig_rtmem_outer.o(.text) refers to defsig_exit.o(.text) for __sig_exit
    defsig_rtmem_formal.o(.text) refers to rt_raise.o(.text) for __rt_raise
    rt_raise.o(.text) refers to __raise.o(.text) for __raise
    rt_raise.o(.text) refers to sys_exit.o(.text) for _sys_exit
    defsig_exit.o(.text) refers to sys_exit.o(.text) for _sys_exit
    defsig_rtmem_inner.o(.text) refers to defsig_general.o(.text) for __default_signal_display
    __raise.o(.text) refers to defsig.o(CL$$defsig) for __default_signal_handler
    defsig_general.o(.text) refers to sys_wrch.o(.text) for _ttywrch
    sys_wrch.o(.text) refers (Special) to use_no_semi.o(.text) for __I$use$semihosting
    sys_wrch.o(.text) refers (Special) to indicate_semi.o(.text) for __semihosting_library_function
    sys_wrch_hlt.o(.text) refers (Special) to use_no_semi.o(.text) for __I$use$semihosting
    sys_wrch_hlt.o(.text) refers (Special) to indicate_semi.o(.text) for __semihosting_library_function
    defsig.o(CL$$defsig) refers to defsig_rtmem_inner.o(.text) for __rt_SIGRTMEM_inner
    defsig_abrt_inner.o(.text) refers to defsig_general.o(.text) for __default_signal_display
    defsig_fpe_inner.o(.text) refers to defsig_general.o(.text) for __default_signal_display
    defsig_rtred_inner.o(.text) refers to defsig_general.o(.text) for __default_signal_display
    defsig_stak_inner.o(.text) refers to defsig_general.o(.text) for __default_signal_display
    defsig_pvfn_inner.o(.text) refers to defsig_general.o(.text) for __default_signal_display
    defsig_cppl_inner.o(.text) refers to defsig_general.o(.text) for __default_signal_display
    defsig_segv_inner.o(.text) refers to defsig_general.o(.text) for __default_signal_display
    defsig_other.o(.text) refers to defsig_general.o(.text) for __default_signal_display


==============================================================================

Removing Unused input sections from the image.

    Removing main.o(.text), (0 bytes).
    Removing main.o(.text.wishedMessage), (140 bytes).
    Removing main.o(.ARM.exidx.text.wishedMessage), (8 bytes).
    Removing main.o(.ARM.exidx.text.main), (8 bytes).
    Removing main.o(.rodata.str1.1), (10 bytes).
    Removing main.o(.ARM.use_no_argv), (4 bytes).
    Removing gpio.o(.text), (0 bytes).
    Removing gpio.o(.text.GPIO_Init), (126 bytes).
    Removing gpio.o(.ARM.exidx.text.GPIO_Init), (8 bytes).
    Removing gpio.o(.text.PortJ_Input), (12 bytes).
    Removing gpio.o(.ARM.exidx.text.PortJ_Input), (8 bytes).
    Removing gpio.o(.ARM.exidx.text.PortN_Output), (8 bytes).
    Removing gpio.o(.ARM.exidx.text.Invertepino), (8 bytes).
    Removing gpio.o(.ARM.exidx.text.Timer2A_Handler), (8 bytes).
    Removing handlerled.o(.text), (0 bytes).
    Removing handlerled.o(.ARM.exidx.text.handleTransistorLed), (8 bytes).
    Removing handlerled.o(.ARM.exidx.text.GPIOInitLed), (8 bytes).
    Removing handlerled.o(.text.acendeLed), (108 bytes).
    Removing handlerled.o(.ARM.exidx.text.acendeLed), (8 bytes).
    Removing handlerlcd.o(.text), (0 bytes).
    Removing handlerlcd.o(.ARM.exidx.text.pulseEnable), (8 bytes).
    Removing handlerlcd.o(.ARM.exidx.text.sendCommandLCD), (8 bytes).
    Removing handlerlcd.o(.text.sendData), (50 bytes).
    Removing handlerlcd.o(.ARM.exidx.text.sendData), (8 bytes).
    Removing handlerlcd.o(.ARM.exidx.text.LCDInit), (8 bytes).
    Removing handlerlcd.o(.ARM.exidx.text.GPIOInitLCD), (8 bytes).
    Removing handlerlcd.o(.text.insertMessageLCD), (52 bytes).
    Removing handlerlcd.o(.ARM.exidx.text.insertMessageLCD), (8 bytes).
    Removing handlerteclado.o(.text), (0 bytes).
    Removing handlerteclado.o(.ARM.exidx.text.GPIOInitTeclado), (8 bytes).
    Removing handlerteclado.o(.text.scanKeypad), (252 bytes).
    Removing handlerteclado.o(.ARM.exidx.text.scanKeypad), (8 bytes).
    Removing handlerledplaca.o(.text), (0 bytes).
    Removing handlerledplaca.o(.ARM.exidx.text.GPIOInitLedPlaca), (8 bytes).
    Removing handlerledplaca.o(.text.TIMER2A_Handler), (30 bytes).
    Removing handlerledplaca.o(.ARM.exidx.text.TIMER2A_Handler), (8 bytes).
    Removing handlermotor.o(.text), (0 bytes).
    Removing handlermotor.o(.text.GPIOInitMotor), (54 bytes).
    Removing handlermotor.o(.ARM.exidx.text.GPIOInitMotor), (8 bytes).
    Removing handlermotor.o(.text.MotorStepFullPasso), (40 bytes).
    Removing handlermotor.o(.ARM.exidx.text.MotorStepFullPasso), (8 bytes).
    Removing handlermotor.o(.text.MotorStepHalfPasso), (24 bytes).
    Removing handlermotor.o(.ARM.exidx.text.MotorStepHalfPasso), (8 bytes).
    Removing handlermotor.o(.text.TurnOnMotor), (74 bytes).
    Removing handlermotor.o(.ARM.exidx.text.TurnOnMotor), (8 bytes).

45 unused section(s) (total 1168 bytes) removed from the image.

==============================================================================

Image Symbol Table

    Local Symbols

    Symbol Name                              Value     Ov Type        Size  Object(Section)

    ../clib/angel/boardlib.s                 0x00000000   Number         0  boardinit1.o ABSOLUTE
    ../clib/angel/boardlib.s                 0x00000000   Number         0  boardinit2.o ABSOLUTE
    ../clib/angel/boardlib.s                 0x00000000   Number         0  boardinit3.o ABSOLUTE
    ../clib/angel/boardlib.s                 0x00000000   Number         0  boardshut.o ABSOLUTE
    ../clib/angel/handlers.s                 0x00000000   Number         0  __scatter_copy.o ABSOLUTE
    ../clib/angel/handlers.s                 0x00000000   Number         0  __scatter_zi.o ABSOLUTE
    ../clib/angel/kernel.s                   0x00000000   Number         0  __rtentry.o ABSOLUTE
    ../clib/angel/kernel.s                   0x00000000   Number         0  __rtentry2.o ABSOLUTE
    ../clib/angel/kernel.s                   0x00000000   Number         0  __rtentry4.o ABSOLUTE
    ../clib/angel/kernel.s                   0x00000000   Number         0  rtexit.o ABSOLUTE
    ../clib/angel/kernel.s                   0x00000000   Number         0  rtexit2.o ABSOLUTE
    ../clib/angel/rt.s                       0x00000000   Number         0  rt_raise.o ABSOLUTE
    ../clib/angel/scatter.s                  0x00000000   Number         0  __scatter.o ABSOLUTE
    ../clib/angel/startup.s                  0x00000000   Number         0  __main.o ABSOLUTE
    ../clib/angel/sys.s                      0x00000000   Number         0  sys_stackheap_outer.o ABSOLUTE
    ../clib/angel/sys.s                      0x00000000   Number         0  libspace.o ABSOLUTE
    ../clib/angel/sys.s                      0x00000000   Number         0  use_no_semi.o ABSOLUTE
    ../clib/angel/sys.s                      0x00000000   Number         0  indicate_semi.o ABSOLUTE
    ../clib/angel/sysapp.c                   0x00000000   Number         0  sys_exit.o ABSOLUTE
    ../clib/angel/sysapp.c                   0x00000000   Number         0  sys_exit_hlt.o ABSOLUTE
    ../clib/angel/sysapp.c                   0x00000000   Number         0  sys_command.o ABSOLUTE
    ../clib/angel/sysapp.c                   0x00000000   Number         0  sys_command_hlt.o ABSOLUTE
    ../clib/angel/sysapp.c                   0x00000000   Number         0  sys_wrch.o ABSOLUTE
    ../clib/angel/sysapp.c                   0x00000000   Number         0  sys_wrch_hlt.o ABSOLUTE
    ../clib/armsys.c                         0x00000000   Number         0  argv_veneer.o ABSOLUTE
    ../clib/armsys.c                         0x00000000   Number         0  argv_veneer.o ABSOLUTE
    ../clib/armsys.c                         0x00000000   Number         0  _get_argv_nomalloc.o ABSOLUTE
    ../clib/armsys.c                         0x00000000   Number         0  no_argv.o ABSOLUTE
    ../clib/heapalloc.c                      0x00000000   Number         0  hrguard.o ABSOLUTE
    ../clib/heapaux.c                        0x00000000   Number         0  heapauxi.o ABSOLUTE
    ../clib/libinit.s                        0x00000000   Number         0  libinit.o ABSOLUTE
    ../clib/libinit.s                        0x00000000   Number         0  libinit2.o ABSOLUTE
    ../clib/libinit.s                        0x00000000   Number         0  libshutdown.o ABSOLUTE
    ../clib/libinit.s                        0x00000000   Number         0  libshutdown2.o ABSOLUTE
    ../clib/misc.s                           0x00000000   Number         0  printf_stubs.o ABSOLUTE
    ../clib/printf.c                         0x00000000   Number         0  __2sprintf.o ABSOLUTE
    ../clib/printf.c                         0x00000000   Number         0  noretval__2sprintf.o ABSOLUTE
    ../clib/printf.c                         0x00000000   Number         0  __printf.o ABSOLUTE
    ../clib/printf.c                         0x00000000   Number         0  _printf_pad.o ABSOLUTE
    ../clib/printf.c                         0x00000000   Number         0  _printf_str.o ABSOLUTE
    ../clib/printf.c                         0x00000000   Number         0  _printf_dec.o ABSOLUTE
    ../clib/printf.c                         0x00000000   Number         0  __printf_flags.o ABSOLUTE
    ../clib/printf.c                         0x00000000   Number         0  __printf_ss.o ABSOLUTE
    ../clib/printf.c                         0x00000000   Number         0  __printf_flags_ss.o ABSOLUTE
    ../clib/printf.c                         0x00000000   Number         0  __printf_wp.o ABSOLUTE
    ../clib/printf.c                         0x00000000   Number         0  __printf_flags_wp.o ABSOLUTE
    ../clib/printf.c                         0x00000000   Number         0  __printf_ss_wp.o ABSOLUTE
    ../clib/printf.c                         0x00000000   Number         0  __printf_flags_ss_wp.o ABSOLUTE
    ../clib/printf.c                         0x00000000   Number         0  _printf_intcommon.o ABSOLUTE
    ../clib/printf.c                         0x00000000   Number         0  _printf_char_common.o ABSOLUTE
    ../clib/printf.c                         0x00000000   Number         0  _sputc.o ABSOLUTE
    ../clib/printf.c                         0x00000000   Number         0  _printf_char.o ABSOLUTE
    ../clib/printf.c                         0x00000000   Number         0  __printf_nopercent.o ABSOLUTE
    ../clib/printf_percent.s                 0x00000000   Number         0  _printf_s.o ABSOLUTE
    ../clib/printf_percent.s                 0x00000000   Number         0  _printf_d.o ABSOLUTE
    ../clib/printf_percent.s                 0x00000000   Number         0  _printf_percent.o ABSOLUTE
    ../clib/printf_percent.s                 0x00000000   Number         0  _printf_percent_end.o ABSOLUTE
    ../clib/signal.c                         0x00000000   Number         0  defsig_rtmem_outer.o ABSOLUTE
    ../clib/signal.c                         0x00000000   Number         0  defsig_rtmem_formal.o ABSOLUTE
    ../clib/signal.c                         0x00000000   Number         0  defsig_exit.o ABSOLUTE
    ../clib/signal.c                         0x00000000   Number         0  defsig_rtmem_inner.o ABSOLUTE
    ../clib/signal.c                         0x00000000   Number         0  __raise.o ABSOLUTE
    ../clib/signal.c                         0x00000000   Number         0  defsig_general.o ABSOLUTE
    ../clib/signal.c                         0x00000000   Number         0  defsig_abrt_inner.o ABSOLUTE
    ../clib/signal.c                         0x00000000   Number         0  defsig_fpe_inner.o ABSOLUTE
    ../clib/signal.c                         0x00000000   Number         0  defsig_rtred_inner.o ABSOLUTE
    ../clib/signal.c                         0x00000000   Number         0  defsig_stak_inner.o ABSOLUTE
    ../clib/signal.c                         0x00000000   Number         0  defsig_pvfn_inner.o ABSOLUTE
    ../clib/signal.c                         0x00000000   Number         0  defsig_cppl_inner.o ABSOLUTE
    ../clib/signal.c                         0x00000000   Number         0  defsig_segv_inner.o ABSOLUTE
    ../clib/signal.c                         0x00000000   Number         0  defsig_other.o ABSOLUTE
    ../clib/signal.s                         0x00000000   Number         0  defsig.o ABSOLUTE
    ../clib/stdlib.c                         0x00000000   Number         0  exit.o ABSOLUTE
    ../fplib/fpinit.s                        0x00000000   Number         0  fpinit.o ABSOLUTE
    HandlerLCD.c                             0x00000000   Number         0  handlerlcd.o ABSOLUTE
    HandlerLed.c                             0x00000000   Number         0  handlerled.o ABSOLUTE
    HandlerLedPlaca.c                        0x00000000   Number         0  handlerledplaca.o ABSOLUTE
    HandlerMotor.c                           0x00000000   Number         0  handlermotor.o ABSOLUTE
    HandlerTeclado.c                         0x00000000   Number         0  handlerteclado.o ABSOLUTE
    dc.s                                     0x00000000   Number         0  dc.o ABSOLUTE
    gpio.c                                   0x00000000   Number         0  gpio.o ABSOLUTE
    main.c                                   0x00000000   Number         0  main.o ABSOLUTE
    startup.s                                0x00000000   Number         0  startup.o ABSOLUTE
    utils.s                                  0x00000000   Number         0  utils.o ABSOLUTE
    RESET                                    0x00000000   Section      560  startup.o(RESET)
    $v0                                      0x00000208   Number         0  startup.o(RESET)
    !!!main                                  0x00000230   Section        8  __main.o(!!!main)
    !!!scatter                               0x00000238   Section       52  __scatter.o(!!!scatter)
    !!handler_copy                           0x0000026c   Section       26  __scatter_copy.o(!!handler_copy)
    !!handler_zi                             0x00000288   Section       28  __scatter_zi.o(!!handler_zi)
    .ARM.Collect$$_printf_percent$$00000000  0x000002a4   Section        0  _printf_percent.o(.ARM.Collect$$_printf_percent$$00000000)
    .ARM.Collect$$_printf_percent$$00000009  0x000002a4   Section        6  _printf_d.o(.ARM.Collect$$_printf_percent$$00000009)
    .ARM.Collect$$_printf_percent$$00000014  0x000002aa   Section        6  _printf_s.o(.ARM.Collect$$_printf_percent$$00000014)
    .ARM.Collect$$_printf_percent$$00000017  0x000002b0   Section        4  _printf_percent_end.o(.ARM.Collect$$_printf_percent$$00000017)
    .ARM.Collect$$libinit$$00000000          0x000002b4   Section        2  libinit.o(.ARM.Collect$$libinit$$00000000)
    .ARM.Collect$$libinit$$00000001          0x000002b6   Section        4  libinit2.o(.ARM.Collect$$libinit$$00000001)
    .ARM.Collect$$libinit$$00000004          0x000002ba   Section        0  libinit2.o(.ARM.Collect$$libinit$$00000004)
    .ARM.Collect$$libinit$$0000000A          0x000002ba   Section        0  libinit2.o(.ARM.Collect$$libinit$$0000000A)
    .ARM.Collect$$libinit$$0000000C          0x000002ba   Section        0  libinit2.o(.ARM.Collect$$libinit$$0000000C)
    .ARM.Collect$$libinit$$0000000E          0x000002ba   Section        0  libinit2.o(.ARM.Collect$$libinit$$0000000E)
    .ARM.Collect$$libinit$$00000011          0x000002ba   Section        0  libinit2.o(.ARM.Collect$$libinit$$00000011)
    .ARM.Collect$$libinit$$00000013          0x000002ba   Section        0  libinit2.o(.ARM.Collect$$libinit$$00000013)
    .ARM.Collect$$libinit$$00000015          0x000002ba   Section        0  libinit2.o(.ARM.Collect$$libinit$$00000015)
    .ARM.Collect$$libinit$$00000017          0x000002ba   Section        0  libinit2.o(.ARM.Collect$$libinit$$00000017)
    .ARM.Collect$$libinit$$00000019          0x000002ba   Section        0  libinit2.o(.ARM.Collect$$libinit$$00000019)
    .ARM.Collect$$libinit$$0000001B          0x000002ba   Section        0  libinit2.o(.ARM.Collect$$libinit$$0000001B)
    .ARM.Collect$$libinit$$0000001D          0x000002ba   Section        0  libinit2.o(.ARM.Collect$$libinit$$0000001D)
    .ARM.Collect$$libinit$$0000001F          0x000002ba   Section        0  libinit2.o(.ARM.Collect$$libinit$$0000001F)
    .ARM.Collect$$libinit$$00000021          0x000002ba   Section        0  libinit2.o(.ARM.Collect$$libinit$$00000021)
    .ARM.Collect$$libinit$$00000023          0x000002ba   Section        0  libinit2.o(.ARM.Collect$$libinit$$00000023)
    .ARM.Collect$$libinit$$00000025          0x000002ba   Section        0  libinit2.o(.ARM.Collect$$libinit$$00000025)
    .ARM.Collect$$libinit$$0000002C          0x000002ba   Section        0  libinit2.o(.ARM.Collect$$libinit$$0000002C)
    .ARM.Collect$$libinit$$0000002E          0x000002ba   Section        0  libinit2.o(.ARM.Collect$$libinit$$0000002E)
    .ARM.Collect$$libinit$$00000030          0x000002ba   Section        0  libinit2.o(.ARM.Collect$$libinit$$00000030)
    .ARM.Collect$$libinit$$00000032          0x000002ba   Section        0  libinit2.o(.ARM.Collect$$libinit$$00000032)
    .ARM.Collect$$libinit$$00000033          0x000002ba   Section        2  libinit2.o(.ARM.Collect$$libinit$$00000033)
    .ARM.Collect$$libshutdown$$00000000      0x000002bc   Section        2  libshutdown.o(.ARM.Collect$$libshutdown$$00000000)
    .ARM.Collect$$libshutdown$$00000002      0x000002be   Section        0  libshutdown2.o(.ARM.Collect$$libshutdown$$00000002)
    .ARM.Collect$$libshutdown$$00000004      0x000002be   Section        0  libshutdown2.o(.ARM.Collect$$libshutdown$$00000004)
    .ARM.Collect$$libshutdown$$00000007      0x000002be   Section        0  libshutdown2.o(.ARM.Collect$$libshutdown$$00000007)
    .ARM.Collect$$libshutdown$$0000000A      0x000002be   Section        0  libshutdown2.o(.ARM.Collect$$libshutdown$$0000000A)
    .ARM.Collect$$libshutdown$$0000000C      0x000002be   Section        0  libshutdown2.o(.ARM.Collect$$libshutdown$$0000000C)
    .ARM.Collect$$libshutdown$$0000000F      0x000002be   Section        0  libshutdown2.o(.ARM.Collect$$libshutdown$$0000000F)
    .ARM.Collect$$libshutdown$$00000010      0x000002be   Section        2  libshutdown2.o(.ARM.Collect$$libshutdown$$00000010)
    .ARM.Collect$$rtentry$$00000000          0x000002c0   Section        0  __rtentry.o(.ARM.Collect$$rtentry$$00000000)
    .ARM.Collect$$rtentry$$00000002          0x000002c0   Section        0  __rtentry2.o(.ARM.Collect$$rtentry$$00000002)
    .ARM.Collect$$rtentry$$00000004          0x000002c0   Section        6  __rtentry4.o(.ARM.Collect$$rtentry$$00000004)
    .ARM.Collect$$rtentry$$00000009          0x000002c6   Section        0  __rtentry2.o(.ARM.Collect$$rtentry$$00000009)
    .ARM.Collect$$rtentry$$0000000A          0x000002c6   Section        4  __rtentry2.o(.ARM.Collect$$rtentry$$0000000A)
    .ARM.Collect$$rtentry$$0000000C          0x000002ca   Section        0  __rtentry2.o(.ARM.Collect$$rtentry$$0000000C)
    .ARM.Collect$$rtentry$$0000000D          0x000002ca   Section        8  __rtentry2.o(.ARM.Collect$$rtentry$$0000000D)
    .ARM.Collect$$rtexit$$00000000           0x000002d2   Section        2  rtexit.o(.ARM.Collect$$rtexit$$00000000)
    .ARM.Collect$$rtexit$$00000002           0x000002d4   Section        0  rtexit2.o(.ARM.Collect$$rtexit$$00000002)
    .ARM.Collect$$rtexit$$00000003           0x000002d4   Section        4  rtexit2.o(.ARM.Collect$$rtexit$$00000003)
    .ARM.Collect$$rtexit$$00000004           0x000002d8   Section        6  rtexit2.o(.ARM.Collect$$rtexit$$00000004)
    $v0                                      0x000002e0   Number         0  startup.o(.text)
    .text                                    0x000002e0   Section       48  startup.o(.text)
    $v0                                      0x00000310   Number         0  utils.o(.text)
    .text                                    0x00000310   Section      484  utils.o(.text)
    .text                                    0x000004f4   Section        0  _printf_pad.o(.text)
    .text                                    0x00000542   Section        0  _printf_str.o(.text)
    .text                                    0x00000594   Section        0  _printf_dec.o(.text)
    .text                                    0x0000060c   Section        0  heapauxi.o(.text)
    .text                                    0x00000612   Section        0  _printf_intcommon.o(.text)
    .text                                    0x000006c4   Section        0  _printf_char.o(.text)
    .text                                    0x000006f0   Section       74  sys_stackheap_outer.o(.text)
    .text                                    0x0000073a   Section        0  exit.o(.text)
    .text                                    0x0000074c   Section        8  libspace.o(.text)
    .text                                    0x00000754   Section        0  sys_exit.o(.text)
    .text                                    0x00000760   Section        2  use_no_semi.o(.text)
    .text                                    0x00000762   Section        0  indicate_semi.o(.text)
    [Anonymous Symbol]                       0x00000764   Section        0  handlerlcd.o(.text.GPIOInitLCD)
    [Anonymous Symbol]                       0x0000079c   Section        0  handlerled.o(.text.GPIOInitLed)
    [Anonymous Symbol]                       0x00000820   Section        0  handlerledplaca.o(.text.GPIOInitLedPlaca)
    [Anonymous Symbol]                       0x000008c8   Section        0  handlerteclado.o(.text.GPIOInitTeclado)
    [Anonymous Symbol]                       0x0000092c   Section        0  gpio.o(.text.Invertepino)
    [Anonymous Symbol]                       0x00000954   Section        0  handlerlcd.o(.text.LCDInit)
    [Anonymous Symbol]                       0x00000990   Section        0  gpio.o(.text.PortN_Output)
    [Anonymous Symbol]                       0x000009a4   Section        0  gpio.o(.text.Timer2A_Handler)
    [Anonymous Symbol]                       0x000009b8   Section        0  handlerled.o(.text.handleTransistorLed)
    [Anonymous Symbol]                       0x000009dc   Section        0  main.o(.text.main)
    [Anonymous Symbol]                       0x00000a00   Section        0  handlerlcd.o(.text.pulseEnable)
    [Anonymous Symbol]                       0x00000a14   Section        0  handlerlcd.o(.text.sendCommandLCD)
    $v0                                      0x00000a38   Number         0  fpinit.o(x$fpl$fpinit)
    x$fpl$fpinit                             0x00000a38   Section       26  fpinit.o(x$fpl$fpinit)
    .bss                                     0x20000008   Section       96  libspace.o(.bss)
    HeapMem                                  0x20000068   Data           0  startup.o(HEAP)
    StackMem                                 0x20000068   Data           0  startup.o(STACK)
    HEAP                                     0x20000068   Section        0  startup.o(HEAP)
    STACK                                    0x20000068   Section     1024  startup.o(STACK)

    Global Symbols

    Symbol Name                              Value     Ov Type        Size  Object(Section)

    BuildAttributes$$THM_ISAv4$E$P$D$K$B$S$7EM$VFPi3$EXTD16$VFPS$VFMA$PE$A:L22UL41UL21$X:L11$S22US41US21$IEEE1$IW$~IW$USESV6$~STKCKD$USESV7$~SHL$OTIME$ROPI$EBA8$UX$STANDARDLIB$REQ8$PRES8$EABIv2 0x00000000   Number         0  anon$$obj.o ABSOLUTE
    __Vectors                                0x00000000   Data           0  startup.o(RESET)
    _printf_flags                            0x00000000   Number         0  printf_stubs.o ABSOLUTE
    _printf_return_value                     0x00000000   Number         0  printf_stubs.o ABSOLUTE
    _printf_sizespec                         0x00000000   Number         0  printf_stubs.o ABSOLUTE
    _printf_widthprec                        0x00000000   Number         0  printf_stubs.o ABSOLUTE
    __ARM_exceptions_init                     - Undefined Weak Reference
    __alloca_initialize                       - Undefined Weak Reference
    __arm_preinit_                            - Undefined Weak Reference
    __cpp_initialize__aeabi_                  - Undefined Weak Reference
    __cxa_finalize                            - Undefined Weak Reference
    __rt_locale                               - Undefined Weak Reference
    __sigvec_lookup                           - Undefined Weak Reference
    _atexit_init                              - Undefined Weak Reference
    _call_atexit_fns                          - Undefined Weak Reference
    _clock_init                               - Undefined Weak Reference
    _fp_trap_init                             - Undefined Weak Reference
    _fp_trap_shutdown                         - Undefined Weak Reference
    _get_lc_collate                           - Undefined Weak Reference
    _get_lc_ctype                             - Undefined Weak Reference
    _get_lc_monetary                          - Undefined Weak Reference
    _get_lc_numeric                           - Undefined Weak Reference
    _get_lc_time                              - Undefined Weak Reference
    _getenv_init                              - Undefined Weak Reference
    _handle_redirection                       - Undefined Weak Reference
    _init_alloc                               - Undefined Weak Reference
    _init_user_alloc                          - Undefined Weak Reference
    _initio                                   - Undefined Weak Reference
    _printf_mbtowc                            - Undefined Weak Reference
    _printf_truncate_signed                   - Undefined Weak Reference
    _printf_truncate_unsigned                 - Undefined Weak Reference
    _rand_init                                - Undefined Weak Reference
    _signal_finish                            - Undefined Weak Reference
    _signal_init                              - Undefined Weak Reference
    _terminate_alloc                          - Undefined Weak Reference
    _terminate_user_alloc                     - Undefined Weak Reference
    _terminateio                              - Undefined Weak Reference
    Reset_Handler                            0x00000209   Thumb Code     0  startup.o(RESET)
    NMI_Handler                              0x0000021d   Thumb Code     2  startup.o(RESET)
    HardFault_Handler                        0x0000021f   Thumb Code     2  startup.o(RESET)
    MemManage_Handler                        0x00000221   Thumb Code     2  startup.o(RESET)
    BusFault_Handler                         0x00000223   Thumb Code     2  startup.o(RESET)
    UsageFault_Handler                       0x00000225   Thumb Code     2  startup.o(RESET)
    SVC_Handler                              0x00000227   Thumb Code     2  startup.o(RESET)
    DebugMon_Handler                         0x00000229   Thumb Code     2  startup.o(RESET)
    PendSV_Handler                           0x0000022b   Thumb Code     2  startup.o(RESET)
    SysTick_Handler                          0x0000022d   Thumb Code     2  startup.o(RESET)
    ADC0Seq0_Handler                         0x0000022f   Thumb Code     0  startup.o(RESET)
    ADC0Seq1_Handler                         0x0000022f   Thumb Code     0  startup.o(RESET)
    ADC0Seq2_Handler                         0x0000022f   Thumb Code     0  startup.o(RESET)
    ADC0Seq3_Handler                         0x0000022f   Thumb Code     0  startup.o(RESET)
    ADC1Seq0_Handler                         0x0000022f   Thumb Code     0  startup.o(RESET)
    ADC1Seq1_Handler                         0x0000022f   Thumb Code     0  startup.o(RESET)
    ADC1Seq2_Handler                         0x0000022f   Thumb Code     0  startup.o(RESET)
    ADC1Seq3_Handler                         0x0000022f   Thumb Code     0  startup.o(RESET)
    CAN0_Handler                             0x0000022f   Thumb Code     0  startup.o(RESET)
    CAN1_Handler                             0x0000022f   Thumb Code     0  startup.o(RESET)
    Comp0_Handler                            0x0000022f   Thumb Code     0  startup.o(RESET)
    Comp1_Handler                            0x0000022f   Thumb Code     0  startup.o(RESET)
    Comp2_Handler                            0x0000022f   Thumb Code     0  startup.o(RESET)
    Ethernet_Handler                         0x0000022f   Thumb Code     0  startup.o(RESET)
    ExtBus_Handler                           0x0000022f   Thumb Code     0  startup.o(RESET)
    FPU_Handler                              0x0000022f   Thumb Code     0  startup.o(RESET)
    FlashCtl_Handler                         0x0000022f   Thumb Code     0  startup.o(RESET)
    GPIOPortA_Handler                        0x0000022f   Thumb Code     0  startup.o(RESET)
    GPIOPortB_Handler                        0x0000022f   Thumb Code     0  startup.o(RESET)
    GPIOPortC_Handler                        0x0000022f   Thumb Code     0  startup.o(RESET)
    GPIOPortD_Handler                        0x0000022f   Thumb Code     0  startup.o(RESET)
    GPIOPortE_Handler                        0x0000022f   Thumb Code     0  startup.o(RESET)
    GPIOPortF_Handler                        0x0000022f   Thumb Code     0  startup.o(RESET)
    GPIOPortG_Handler                        0x0000022f   Thumb Code     0  startup.o(RESET)
    GPIOPortH_Handler                        0x0000022f   Thumb Code     0  startup.o(RESET)
    GPIOPortJ_Handler                        0x0000022f   Thumb Code     0  startup.o(RESET)
    GPIOPortK_Handler                        0x0000022f   Thumb Code     0  startup.o(RESET)
    GPIOPortL_Handler                        0x0000022f   Thumb Code     0  startup.o(RESET)
    GPIOPortM_Handler                        0x0000022f   Thumb Code     0  startup.o(RESET)
    GPIOPortN_Handler                        0x0000022f   Thumb Code     0  startup.o(RESET)
    GPIOPortP1_Handler                       0x0000022f   Thumb Code     0  startup.o(RESET)
    GPIOPortP2_Handler                       0x0000022f   Thumb Code     0  startup.o(RESET)
    GPIOPortP3_Handler                       0x0000022f   Thumb Code     0  startup.o(RESET)
    GPIOPortP4_Handler                       0x0000022f   Thumb Code     0  startup.o(RESET)
    GPIOPortP5_Handler                       0x0000022f   Thumb Code     0  startup.o(RESET)
    GPIOPortP6_Handler                       0x0000022f   Thumb Code     0  startup.o(RESET)
    GPIOPortP7_Handler                       0x0000022f   Thumb Code     0  startup.o(RESET)
    GPIOPortP_Handler                        0x0000022f   Thumb Code     0  startup.o(RESET)
    GPIOPortQ1_Handler                       0x0000022f   Thumb Code     0  startup.o(RESET)
    GPIOPortQ2_Handler                       0x0000022f   Thumb Code     0  startup.o(RESET)
    GPIOPortQ3_Handler                       0x0000022f   Thumb Code     0  startup.o(RESET)
    GPIOPortQ4_Handler                       0x0000022f   Thumb Code     0  startup.o(RESET)
    GPIOPortQ5_Handler                       0x0000022f   Thumb Code     0  startup.o(RESET)
    GPIOPortQ6_Handler                       0x0000022f   Thumb Code     0  startup.o(RESET)
    GPIOPortQ7_Handler                       0x0000022f   Thumb Code     0  startup.o(RESET)
    GPIOPortQ_Handler                        0x0000022f   Thumb Code     0  startup.o(RESET)
    Hibernate_Handler                        0x0000022f   Thumb Code     0  startup.o(RESET)
    I2C0_Handler                             0x0000022f   Thumb Code     0  startup.o(RESET)
    I2C1_Handler                             0x0000022f   Thumb Code     0  startup.o(RESET)
    I2C2_Handler                             0x0000022f   Thumb Code     0  startup.o(RESET)
    I2C3_Handler                             0x0000022f   Thumb Code     0  startup.o(RESET)
    I2C4_Handler                             0x0000022f   Thumb Code     0  startup.o(RESET)
    I2C5_Handler                             0x0000022f   Thumb Code     0  startup.o(RESET)
    I2C6_Handler                             0x0000022f   Thumb Code     0  startup.o(RESET)
    I2C7_Handler                             0x0000022f   Thumb Code     0  startup.o(RESET)
    I2C8_Handler                             0x0000022f   Thumb Code     0  startup.o(RESET)
    I2C9_Handler                             0x0000022f   Thumb Code     0  startup.o(RESET)
    PWM0Fault_Handler                        0x0000022f   Thumb Code     0  startup.o(RESET)
    PWM0Generator0_Handler                   0x0000022f   Thumb Code     0  startup.o(RESET)
    PWM0Generator1_Handler                   0x0000022f   Thumb Code     0  startup.o(RESET)
    PWM0Generator2_Handler                   0x0000022f   Thumb Code     0  startup.o(RESET)
    PWM0Generator3_Handler                   0x0000022f   Thumb Code     0  startup.o(RESET)
    Quadrature0_Handler                      0x0000022f   Thumb Code     0  startup.o(RESET)
    SSI0_Handler                             0x0000022f   Thumb Code     0  startup.o(RESET)
    SSI1_Handler                             0x0000022f   Thumb Code     0  startup.o(RESET)
    SSI2_Handler                             0x0000022f   Thumb Code     0  startup.o(RESET)
    SSI3_Handler                             0x0000022f   Thumb Code     0  startup.o(RESET)
    SysCtl_Handler                           0x0000022f   Thumb Code     0  startup.o(RESET)
    Tamper_Handler                           0x0000022f   Thumb Code     0  startup.o(RESET)
    Timer0A_Handler                          0x0000022f   Thumb Code     0  startup.o(RESET)
    Timer0B_Handler                          0x0000022f   Thumb Code     0  startup.o(RESET)
    Timer1A_Handler                          0x0000022f   Thumb Code     0  startup.o(RESET)
    Timer1B_Handler                          0x0000022f   Thumb Code     0  startup.o(RESET)
    Timer2B_Handler                          0x0000022f   Thumb Code     0  startup.o(RESET)
    Timer3A_Handler                          0x0000022f   Thumb Code     0  startup.o(RESET)
    Timer3B_Handler                          0x0000022f   Thumb Code     0  startup.o(RESET)
    Timer4A_Handler                          0x0000022f   Thumb Code     0  startup.o(RESET)
    Timer4B_Handler                          0x0000022f   Thumb Code     0  startup.o(RESET)
    Timer5A_Handler                          0x0000022f   Thumb Code     0  startup.o(RESET)
    Timer5B_Handler                          0x0000022f   Thumb Code     0  startup.o(RESET)
    Timer6A_Handler                          0x0000022f   Thumb Code     0  startup.o(RESET)
    Timer6B_Handler                          0x0000022f   Thumb Code     0  startup.o(RESET)
    Timer7A_Handler                          0x0000022f   Thumb Code     0  startup.o(RESET)
    Timer7B_Handler                          0x0000022f   Thumb Code     0  startup.o(RESET)
    UART0_Handler                            0x0000022f   Thumb Code     0  startup.o(RESET)
    UART1_Handler                            0x0000022f   Thumb Code     0  startup.o(RESET)
    UART2_Handler                            0x0000022f   Thumb Code     0  startup.o(RESET)
    UART3_Handler                            0x0000022f   Thumb Code     0  startup.o(RESET)
    UART4_Handler                            0x0000022f   Thumb Code     0  startup.o(RESET)
    UART5_Handler                            0x0000022f   Thumb Code     0  startup.o(RESET)
    UART6_Handler                            0x0000022f   Thumb Code     0  startup.o(RESET)
    UART7_Handler                            0x0000022f   Thumb Code     0  startup.o(RESET)
    USB0_Handler                             0x0000022f   Thumb Code     0  startup.o(RESET)
    WDT_Handler                              0x0000022f   Thumb Code     0  startup.o(RESET)
    uDMA_Error                               0x0000022f   Thumb Code     0  startup.o(RESET)
    uDMA_Handler                             0x0000022f   Thumb Code     0  startup.o(RESET)
    __main                                   0x00000231   Thumb Code     8  __main.o(!!!main)
    __scatterload                            0x00000239   Thumb Code     0  __scatter.o(!!!scatter)
    __scatterload_rt2                        0x00000239   Thumb Code    44  __scatter.o(!!!scatter)
    __scatterload_rt2_thumb_only             0x00000239   Thumb Code     0  __scatter.o(!!!scatter)
    __scatterload_null                       0x00000247   Thumb Code     0  __scatter.o(!!!scatter)
    __scatterload_copy                       0x0000026d   Thumb Code    26  __scatter_copy.o(!!handler_copy)
    __scatterload_zeroinit                   0x00000289   Thumb Code    28  __scatter_zi.o(!!handler_zi)
    _printf_d                                0x000002a5   Thumb Code     0  _printf_d.o(.ARM.Collect$$_printf_percent$$00000009)
    _printf_percent                          0x000002a5   Thumb Code     0  _printf_percent.o(.ARM.Collect$$_printf_percent$$00000000)
    _printf_s                                0x000002ab   Thumb Code     0  _printf_s.o(.ARM.Collect$$_printf_percent$$00000014)
    _printf_percent_end                      0x000002b1   Thumb Code     0  _printf_percent_end.o(.ARM.Collect$$_printf_percent$$00000017)
    __rt_lib_init                            0x000002b5   Thumb Code     0  libinit.o(.ARM.Collect$$libinit$$00000000)
    __rt_lib_init_fp_1                       0x000002b7   Thumb Code     0  libinit2.o(.ARM.Collect$$libinit$$00000001)
    __rt_lib_init_alloca_1                   0x000002bb   Thumb Code     0  libinit2.o(.ARM.Collect$$libinit$$0000002E)
    __rt_lib_init_argv_1                     0x000002bb   Thumb Code     0  libinit2.o(.ARM.Collect$$libinit$$0000002C)
    __rt_lib_init_atexit_1                   0x000002bb   Thumb Code     0  libinit2.o(.ARM.Collect$$libinit$$0000001B)
    __rt_lib_init_clock_1                    0x000002bb   Thumb Code     0  libinit2.o(.ARM.Collect$$libinit$$00000021)
    __rt_lib_init_cpp_1                      0x000002bb   Thumb Code     0  libinit2.o(.ARM.Collect$$libinit$$00000032)
    __rt_lib_init_exceptions_1               0x000002bb   Thumb Code     0  libinit2.o(.ARM.Collect$$libinit$$00000030)
    __rt_lib_init_fp_trap_1                  0x000002bb   Thumb Code     0  libinit2.o(.ARM.Collect$$libinit$$0000001F)
    __rt_lib_init_getenv_1                   0x000002bb   Thumb Code     0  libinit2.o(.ARM.Collect$$libinit$$00000023)
    __rt_lib_init_heap_1                     0x000002bb   Thumb Code     0  libinit2.o(.ARM.Collect$$libinit$$0000000A)
    __rt_lib_init_lc_collate_1               0x000002bb   Thumb Code     0  libinit2.o(.ARM.Collect$$libinit$$00000011)
    __rt_lib_init_lc_ctype_1                 0x000002bb   Thumb Code     0  libinit2.o(.ARM.Collect$$libinit$$00000013)
    __rt_lib_init_lc_monetary_1              0x000002bb   Thumb Code     0  libinit2.o(.ARM.Collect$$libinit$$00000015)
    __rt_lib_init_lc_numeric_1               0x000002bb   Thumb Code     0  libinit2.o(.ARM.Collect$$libinit$$00000017)
    __rt_lib_init_lc_time_1                  0x000002bb   Thumb Code     0  libinit2.o(.ARM.Collect$$libinit$$00000019)
    __rt_lib_init_preinit_1                  0x000002bb   Thumb Code     0  libinit2.o(.ARM.Collect$$libinit$$00000004)
    __rt_lib_init_rand_1                     0x000002bb   Thumb Code     0  libinit2.o(.ARM.Collect$$libinit$$0000000E)
    __rt_lib_init_return                     0x000002bb   Thumb Code     0  libinit2.o(.ARM.Collect$$libinit$$00000033)
    __rt_lib_init_signal_1                   0x000002bb   Thumb Code     0  libinit2.o(.ARM.Collect$$libinit$$0000001D)
    __rt_lib_init_stdio_1                    0x000002bb   Thumb Code     0  libinit2.o(.ARM.Collect$$libinit$$00000025)
    __rt_lib_init_user_alloc_1               0x000002bb   Thumb Code     0  libinit2.o(.ARM.Collect$$libinit$$0000000C)
    __rt_lib_shutdown                        0x000002bd   Thumb Code     0  libshutdown.o(.ARM.Collect$$libshutdown$$00000000)
    __rt_lib_shutdown_cpp_1                  0x000002bf   Thumb Code     0  libshutdown2.o(.ARM.Collect$$libshutdown$$00000002)
    __rt_lib_shutdown_fp_trap_1              0x000002bf   Thumb Code     0  libshutdown2.o(.ARM.Collect$$libshutdown$$00000007)
    __rt_lib_shutdown_heap_1                 0x000002bf   Thumb Code     0  libshutdown2.o(.ARM.Collect$$libshutdown$$0000000F)
    __rt_lib_shutdown_return                 0x000002bf   Thumb Code     0  libshutdown2.o(.ARM.Collect$$libshutdown$$00000010)
    __rt_lib_shutdown_signal_1               0x000002bf   Thumb Code     0  libshutdown2.o(.ARM.Collect$$libshutdown$$0000000A)
    __rt_lib_shutdown_stdio_1                0x000002bf   Thumb Code     0  libshutdown2.o(.ARM.Collect$$libshutdown$$00000004)
    __rt_lib_shutdown_user_alloc_1           0x000002bf   Thumb Code     0  libshutdown2.o(.ARM.Collect$$libshutdown$$0000000C)
    __rt_entry                               0x000002c1   Thumb Code     0  __rtentry.o(.ARM.Collect$$rtentry$$00000000)
    __rt_entry_presh_1                       0x000002c1   Thumb Code     0  __rtentry2.o(.ARM.Collect$$rtentry$$00000002)
    __rt_entry_sh                            0x000002c1   Thumb Code     0  __rtentry4.o(.ARM.Collect$$rtentry$$00000004)
    __rt_entry_li                            0x000002c7   Thumb Code     0  __rtentry2.o(.ARM.Collect$$rtentry$$0000000A)
    __rt_entry_postsh_1                      0x000002c7   Thumb Code     0  __rtentry2.o(.ARM.Collect$$rtentry$$00000009)
    __rt_entry_main                          0x000002cb   Thumb Code     0  __rtentry2.o(.ARM.Collect$$rtentry$$0000000D)
    __rt_entry_postli_1                      0x000002cb   Thumb Code     0  __rtentry2.o(.ARM.Collect$$rtentry$$0000000C)
    __rt_exit                                0x000002d3   Thumb Code     0  rtexit.o(.ARM.Collect$$rtexit$$00000000)
    __rt_exit_ls                             0x000002d5   Thumb Code     0  rtexit2.o(.ARM.Collect$$rtexit$$00000003)
    __rt_exit_prels_1                        0x000002d5   Thumb Code     0  rtexit2.o(.ARM.Collect$$rtexit$$00000002)
    __rt_exit_exit                           0x000002d9   Thumb Code     0  rtexit2.o(.ARM.Collect$$rtexit$$00000004)
    DisableInterrupts                        0x000002e1   Thumb Code     0  startup.o(.text)
    EnableInterrupts                         0x000002e5   Thumb Code     0  startup.o(.text)
    StartCritical                            0x000002e9   Thumb Code     0  startup.o(.text)
    EndCritical                              0x000002f1   Thumb Code     0  startup.o(.text)
    WaitForInterrupt                         0x000002f7   Thumb Code     0  startup.o(.text)
    __user_initial_stackheap                 0x000002fb   Thumb Code     0  startup.o(.text)
    PLL_Init                                 0x00000311   Thumb Code     0  utils.o(.text)
    SysTick_Init                             0x00000439   Thumb Code     0  utils.o(.text)
    SysTick_Wait1ms                          0x00000473   Thumb Code     0  utils.o(.text)
    SysTick_Wait1us                          0x00000485   Thumb Code     0  utils.o(.text)
    _printf_pre_padding                      0x000004f5   Thumb Code    44  _printf_pad.o(.text)
    _printf_post_padding                     0x00000521   Thumb Code    34  _printf_pad.o(.text)
    _printf_str                              0x00000543   Thumb Code    82  _printf_str.o(.text)
    _printf_int_dec                          0x00000595   Thumb Code   104  _printf_dec.o(.text)
    __use_two_region_memory                  0x0000060d   Thumb Code     2  heapauxi.o(.text)
    __rt_heap_escrow$2region                 0x0000060f   Thumb Code     2  heapauxi.o(.text)
    __rt_heap_expand$2region                 0x00000611   Thumb Code     2  heapauxi.o(.text)
    _printf_int_common                       0x00000613   Thumb Code   178  _printf_intcommon.o(.text)
    _printf_cs_common                        0x000006c5   Thumb Code    20  _printf_char.o(.text)
    _printf_char                             0x000006d9   Thumb Code    16  _printf_char.o(.text)
    _printf_string                           0x000006e9   Thumb Code     8  _printf_char.o(.text)
    __user_setup_stackheap                   0x000006f1   Thumb Code    74  sys_stackheap_outer.o(.text)
    exit                                     0x0000073b   Thumb Code    18  exit.o(.text)
    __user_libspace                          0x0000074d   Thumb Code     8  libspace.o(.text)
    __user_perproc_libspace                  0x0000074d   Thumb Code     0  libspace.o(.text)
    __user_perthread_libspace                0x0000074d   Thumb Code     0  libspace.o(.text)
    _sys_exit                                0x00000755   Thumb Code     8  sys_exit.o(.text)
    __I$use$semihosting                      0x00000761   Thumb Code     0  use_no_semi.o(.text)
    __use_no_semihosting_swi                 0x00000761   Thumb Code     2  use_no_semi.o(.text)
    __semihosting_library_function           0x00000763   Thumb Code     0  indicate_semi.o(.text)
    GPIOInitLCD                              0x00000765   Thumb Code    56  handlerlcd.o(.text.GPIOInitLCD)
    GPIOInitLed                              0x0000079d   Thumb Code   132  handlerled.o(.text.GPIOInitLed)
    GPIOInitLedPlaca                         0x00000821   Thumb Code   166  handlerledplaca.o(.text.GPIOInitLedPlaca)
    GPIOInitTeclado                          0x000008c9   Thumb Code   100  handlerteclado.o(.text.GPIOInitTeclado)
    Invertepino                              0x0000092d   Thumb Code    38  gpio.o(.text.Invertepino)
    LCDInit                                  0x00000955   Thumb Code    60  handlerlcd.o(.text.LCDInit)
    PortN_Output                             0x00000991   Thumb Code    20  gpio.o(.text.PortN_Output)
    Timer2A_Handler                          0x000009a5   Thumb Code    20  gpio.o(.text.Timer2A_Handler)
    handleTransistorLed                      0x000009b9   Thumb Code    34  handlerled.o(.text.handleTransistorLed)
    main                                     0x000009dd   Thumb Code    34  main.o(.text.main)
    pulseEnable                              0x00000a01   Thumb Code    18  handlerlcd.o(.text.pulseEnable)
    sendCommandLCD                           0x00000a15   Thumb Code    36  handlerlcd.o(.text.sendCommandLCD)
    _fp_init                                 0x00000a39   Thumb Code    26  fpinit.o(x$fpl$fpinit)
    __fplib_config_fpu_vfp                   0x00000a51   Thumb Code     0  fpinit.o(x$fpl$fpinit)
    __fplib_config_pureend_doubles           0x00000a51   Thumb Code     0  fpinit.o(x$fpl$fpinit)
    Region$$Table$$Base                      0x00000a54   Number         0  anon$$obj.o(Region$$Table)
    Region$$Table$$Limit                     0x00000a74   Number         0  anon$$obj.o(Region$$Table)
    flag                                     0x20000000   Data           4  gpio.o(.data.flag)
    __libspace_start                         0x20000008   Data          96  libspace.o(.bss)
    __temporary_stack_top$libspace           0x20000068   Data           0  libspace.o(.bss)



==============================================================================

Memory Map of the image

  Image Entry point : 0x00000209

  Load Region LR_1 (Base: 0x00000000, Size: 0x00000a78, Max: 0xffffffff, ABSOLUTE)

    Execution Region ER_RO (Exec base: 0x00000000, Load base: 0x00000000, Size: 0x00000a74, Max: 0xffffffff, ABSOLUTE)

    Exec Addr    Load Addr    Size         Type   Attr      Idx    E Section Name        Object

    0x00000000   0x00000000   0x00000230   Code   RO            3  * RESET               startup.o
    0x00000230   0x00000230   0x00000008   Code   RO          160  * !!!main             c_w.l(__main.o)
    0x00000238   0x00000238   0x00000034   Code   RO          334    !!!scatter          c_w.l(__scatter.o)
    0x0000026c   0x0000026c   0x0000001a   Code   RO          336    !!handler_copy      c_w.l(__scatter_copy.o)
    0x00000286   0x00000286   0x00000002   PAD
    0x00000288   0x00000288   0x0000001c   Code   RO          338    !!handler_zi        c_w.l(__scatter_zi.o)
    0x000002a4   0x000002a4   0x00000000   Code   RO          157    .ARM.Collect$$_printf_percent$$00000000  c_w.l(_printf_percent.o)
    0x000002a4   0x000002a4   0x00000006   Code   RO          156    .ARM.Collect$$_printf_percent$$00000009  c_w.l(_printf_d.o)
    0x000002aa   0x000002aa   0x00000006   Code   RO          155    .ARM.Collect$$_printf_percent$$00000014  c_w.l(_printf_s.o)
    0x000002b0   0x000002b0   0x00000004   Code   RO          171    .ARM.Collect$$_printf_percent$$00000017  c_w.l(_printf_percent_end.o)
    0x000002b4   0x000002b4   0x00000002   Code   RO          198    .ARM.Collect$$libinit$$00000000  c_w.l(libinit.o)
    0x000002b6   0x000002b6   0x00000004   Code   RO          204    .ARM.Collect$$libinit$$00000001  c_w.l(libinit2.o)
    0x000002ba   0x000002ba   0x00000000   Code   RO          207    .ARM.Collect$$libinit$$00000004  c_w.l(libinit2.o)
    0x000002ba   0x000002ba   0x00000000   Code   RO          210    .ARM.Collect$$libinit$$0000000A  c_w.l(libinit2.o)
    0x000002ba   0x000002ba   0x00000000   Code   RO          212    .ARM.Collect$$libinit$$0000000C  c_w.l(libinit2.o)
    0x000002ba   0x000002ba   0x00000000   Code   RO          214    .ARM.Collect$$libinit$$0000000E  c_w.l(libinit2.o)
    0x000002ba   0x000002ba   0x00000000   Code   RO          217    .ARM.Collect$$libinit$$00000011  c_w.l(libinit2.o)
    0x000002ba   0x000002ba   0x00000000   Code   RO          219    .ARM.Collect$$libinit$$00000013  c_w.l(libinit2.o)
    0x000002ba   0x000002ba   0x00000000   Code   RO          221    .ARM.Collect$$libinit$$00000015  c_w.l(libinit2.o)
    0x000002ba   0x000002ba   0x00000000   Code   RO          223    .ARM.Collect$$libinit$$00000017  c_w.l(libinit2.o)
    0x000002ba   0x000002ba   0x00000000   Code   RO          225    .ARM.Collect$$libinit$$00000019  c_w.l(libinit2.o)
    0x000002ba   0x000002ba   0x00000000   Code   RO          227    .ARM.Collect$$libinit$$0000001B  c_w.l(libinit2.o)
    0x000002ba   0x000002ba   0x00000000   Code   RO          229    .ARM.Collect$$libinit$$0000001D  c_w.l(libinit2.o)
    0x000002ba   0x000002ba   0x00000000   Code   RO          231    .ARM.Collect$$libinit$$0000001F  c_w.l(libinit2.o)
    0x000002ba   0x000002ba   0x00000000   Code   RO          233    .ARM.Collect$$libinit$$00000021  c_w.l(libinit2.o)
    0x000002ba   0x000002ba   0x00000000   Code   RO          235    .ARM.Collect$$libinit$$00000023  c_w.l(libinit2.o)
    0x000002ba   0x000002ba   0x00000000   Code   RO          237    .ARM.Collect$$libinit$$00000025  c_w.l(libinit2.o)
    0x000002ba   0x000002ba   0x00000000   Code   RO          241    .ARM.Collect$$libinit$$0000002C  c_w.l(libinit2.o)
    0x000002ba   0x000002ba   0x00000000   Code   RO          243    .ARM.Collect$$libinit$$0000002E  c_w.l(libinit2.o)
    0x000002ba   0x000002ba   0x00000000   Code   RO          245    .ARM.Collect$$libinit$$00000030  c_w.l(libinit2.o)
    0x000002ba   0x000002ba   0x00000000   Code   RO          247    .ARM.Collect$$libinit$$00000032  c_w.l(libinit2.o)
    0x000002ba   0x000002ba   0x00000002   Code   RO          248    .ARM.Collect$$libinit$$00000033  c_w.l(libinit2.o)
    0x000002bc   0x000002bc   0x00000002   Code   RO          270    .ARM.Collect$$libshutdown$$00000000  c_w.l(libshutdown.o)
    0x000002be   0x000002be   0x00000000   Code   RO          285    .ARM.Collect$$libshutdown$$00000002  c_w.l(libshutdown2.o)
    0x000002be   0x000002be   0x00000000   Code   RO          287    .ARM.Collect$$libshutdown$$00000004  c_w.l(libshutdown2.o)
    0x000002be   0x000002be   0x00000000   Code   RO          290    .ARM.Collect$$libshutdown$$00000007  c_w.l(libshutdown2.o)
    0x000002be   0x000002be   0x00000000   Code   RO          293    .ARM.Collect$$libshutdown$$0000000A  c_w.l(libshutdown2.o)
    0x000002be   0x000002be   0x00000000   Code   RO          295    .ARM.Collect$$libshutdown$$0000000C  c_w.l(libshutdown2.o)
    0x000002be   0x000002be   0x00000000   Code   RO          298    .ARM.Collect$$libshutdown$$0000000F  c_w.l(libshutdown2.o)
    0x000002be   0x000002be   0x00000002   Code   RO          299    .ARM.Collect$$libshutdown$$00000010  c_w.l(libshutdown2.o)
    0x000002c0   0x000002c0   0x00000000   Code   RO          162    .ARM.Collect$$rtentry$$00000000  c_w.l(__rtentry.o)
    0x000002c0   0x000002c0   0x00000000   Code   RO          173    .ARM.Collect$$rtentry$$00000002  c_w.l(__rtentry2.o)
    0x000002c0   0x000002c0   0x00000006   Code   RO          185    .ARM.Collect$$rtentry$$00000004  c_w.l(__rtentry4.o)
    0x000002c6   0x000002c6   0x00000000   Code   RO          175    .ARM.Collect$$rtentry$$00000009  c_w.l(__rtentry2.o)
    0x000002c6   0x000002c6   0x00000004   Code   RO          176    .ARM.Collect$$rtentry$$0000000A  c_w.l(__rtentry2.o)
    0x000002ca   0x000002ca   0x00000000   Code   RO          178    .ARM.Collect$$rtentry$$0000000C  c_w.l(__rtentry2.o)
    0x000002ca   0x000002ca   0x00000008   Code   RO          179    .ARM.Collect$$rtentry$$0000000D  c_w.l(__rtentry2.o)
    0x000002d2   0x000002d2   0x00000002   Code   RO          202    .ARM.Collect$$rtexit$$00000000  c_w.l(rtexit.o)
    0x000002d4   0x000002d4   0x00000000   Code   RO          250    .ARM.Collect$$rtexit$$00000002  c_w.l(rtexit2.o)
    0x000002d4   0x000002d4   0x00000004   Code   RO          251    .ARM.Collect$$rtexit$$00000003  c_w.l(rtexit2.o)
    0x000002d8   0x000002d8   0x00000006   Code   RO          252    .ARM.Collect$$rtexit$$00000004  c_w.l(rtexit2.o)
    0x000002de   0x000002de   0x00000002   PAD
    0x000002e0   0x000002e0   0x00000030   Code   RO            4    .text               startup.o
    0x00000310   0x00000310   0x000001e4   Code   RO           12    .text               utils.o
    0x000004f4   0x000004f4   0x0000004e   Code   RO          129    .text               c_w.l(_printf_pad.o)
    0x00000542   0x00000542   0x00000052   Code   RO          131    .text               c_w.l(_printf_str.o)
    0x00000594   0x00000594   0x00000078   Code   RO          133    .text               c_w.l(_printf_dec.o)
    0x0000060c   0x0000060c   0x00000006   Code   RO          158    .text               c_w.l(heapauxi.o)
    0x00000612   0x00000612   0x000000b2   Code   RO          163    .text               c_w.l(_printf_intcommon.o)
    0x000006c4   0x000006c4   0x0000002c   Code   RO          169    .text               c_w.l(_printf_char.o)
    0x000006f0   0x000006f0   0x0000004a   Code   RO          189    .text               c_w.l(sys_stackheap_outer.o)
    0x0000073a   0x0000073a   0x00000012   Code   RO          191    .text               c_w.l(exit.o)
    0x0000074c   0x0000074c   0x00000008   Code   RO          199    .text               c_w.l(libspace.o)
    0x00000754   0x00000754   0x0000000c   Code   RO          260    .text               c_w.l(sys_exit.o)
    0x00000760   0x00000760   0x00000002   Code   RO          275    .text               c_w.l(use_no_semi.o)
    0x00000762   0x00000762   0x00000000   Code   RO          277    .text               c_w.l(indicate_semi.o)
    0x00000762   0x00000762   0x00000002   PAD
    0x00000764   0x00000764   0x00000038   Code   RO           71    .text.GPIOInitLCD   handlerlcd.o
    0x0000079c   0x0000079c   0x00000084   Code   RO           51    .text.GPIOInitLed   handlerled.o
    0x00000820   0x00000820   0x000000a6   Code   RO           95    .text.GPIOInitLedPlaca  handlerledplaca.o
    0x000008c6   0x000008c6   0x00000002   PAD
    0x000008c8   0x000008c8   0x00000064   Code   RO           83    .text.GPIOInitTeclado  handlerteclado.o
    0x0000092c   0x0000092c   0x00000026   Code   RO           36    .text.Invertepino   gpio.o
    0x00000952   0x00000952   0x00000002   PAD
    0x00000954   0x00000954   0x0000003c   Code   RO           69    .text.LCDInit       handlerlcd.o
    0x00000990   0x00000990   0x00000014   Code   RO           34    .text.PortN_Output  gpio.o
    0x000009a4   0x000009a4   0x00000014   Code   RO           38    .text.Timer2A_Handler  gpio.o
    0x000009b8   0x000009b8   0x00000022   Code   RO           49    .text.handleTransistorLed  handlerled.o
    0x000009da   0x000009da   0x00000002   PAD
    0x000009dc   0x000009dc   0x00000022   Code   RO           18    .text.main          main.o
    0x000009fe   0x000009fe   0x00000002   PAD
    0x00000a00   0x00000a00   0x00000012   Code   RO           63    .text.pulseEnable   handlerlcd.o
    0x00000a12   0x00000a12   0x00000002   PAD
    0x00000a14   0x00000a14   0x00000024   Code   RO           65    .text.sendCommandLCD  handlerlcd.o
    0x00000a38   0x00000a38   0x0000001a   Code   RO          258    x$fpl$fpinit        fz_wm.l(fpinit.o)
    0x00000a52   0x00000a52   0x00000002   PAD
    0x00000a54   0x00000a54   0x00000020   Data   RO          333    Region$$Table       anon$$obj.o


    Execution Region ER_RW (Exec base: 0x20000000, Load base: 0x00000a74, Size: 0x00000004, Max: 0xffffffff, ABSOLUTE)

    Exec Addr    Load Addr    Size         Type   Attr      Idx    E Section Name        Object

    0x20000000   0x00000a74   0x00000004   Data   RW           40    .data.flag          gpio.o


    Execution Region ER_ZI (Exec base: 0x20000008, Load base: 0x00000a78, Size: 0x00000460, Max: 0xffffffff, ABSOLUTE)

    Exec Addr    Load Addr    Size         Type   Attr      Idx    E Section Name        Object

    0x20000008        -       0x00000060   Zero   RW          200    .bss                c_w.l(libspace.o)
    0x20000068        -       0x00000000   Zero   RW            2    HEAP                startup.o
    0x20000068        -       0x00000400   Zero   RW            1    STACK               startup.o


==============================================================================

Image component sizes


      Code (inc. data)   RO Data    RW Data    ZI Data      Debug   Object Name

        78          0          0          4          0       1195   gpio.o
       170          0          0          0          0       1652   handlerlcd.o
       166          0          0          0          0       1053   handlerled.o
       166          0          0          0          0        706   handlerledplaca.o
       100          0          0          0          0       1161   handlerteclado.o
        34          0          0          0          0       1113   main.o
       608        532          0          0       1024       1040   startup.o
       484         92          0          0          0        380   utils.o

    ----------------------------------------------------------------------
      1816        624         32          4       1024       8300   Object Totals
         0          0         32          0          0          0   (incl. Generated)
        10          0          0          0          0          0   (incl. Padding)

    ----------------------------------------------------------------------

      Code (inc. data)   RO Data    RW Data    ZI Data      Debug   Library Member Name

         8          0          0          0          0         68   __main.o
         0          0          0          0          0          0   __rtentry.o
        12          0          0          0          0          0   __rtentry2.o
         6          0          0          0          0          0   __rtentry4.o
        52          8          0          0          0          0   __scatter.o
        26          0          0          0          0          0   __scatter_copy.o
        28          0          0          0          0          0   __scatter_zi.o
        44          0          0          0          0        108   _printf_char.o
         6          0          0          0          0          0   _printf_d.o
       120         16          0          0          0         92   _printf_dec.o
       178          0          0          0          0         88   _printf_intcommon.o
        78          0          0          0          0        108   _printf_pad.o
         0          0          0          0          0          0   _printf_percent.o
         4          0          0          0          0          0   _printf_percent_end.o
         6          0          0          0          0          0   _printf_s.o
        82          0          0          0          0         80   _printf_str.o
        18          0          0          0          0         80   exit.o
         6          0          0          0          0        152   heapauxi.o
         0          0          0          0          0          0   indicate_semi.o
         2          0          0          0          0          0   libinit.o
         6          0          0          0          0          0   libinit2.o
         2          0          0          0          0          0   libshutdown.o
         2          0          0          0          0          0   libshutdown2.o
         8          4          0          0         96         68   libspace.o
         2          0          0          0          0          0   rtexit.o
        10          0          0          0          0          0   rtexit2.o
        12          4          0          0          0         68   sys_exit.o
        74          0          0          0          0         80   sys_stackheap_outer.o
         2          0          0          0          0         68   use_no_semi.o
        26          0          0          0          0        116   fpinit.o

    ----------------------------------------------------------------------
       828         32          0          0         96       1176   Library Totals
         8          0          0          0          0          0   (incl. Padding)

    ----------------------------------------------------------------------

      Code (inc. data)   RO Data    RW Data    ZI Data      Debug   Library Name

       794         32          0          0         96       1060   c_w.l
        26          0          0          0          0        116   fz_wm.l

    ----------------------------------------------------------------------
       828         32          0          0         96       1176   Library Totals

    ----------------------------------------------------------------------

==============================================================================


      Code (inc. data)   RO Data    RW Data    ZI Data      Debug   

      2644        656         32          4       1120       8960   Grand Totals
      2644        656         32          4       1120       8960   ELF Image Totals
      2644        656         32          4          0          0   ROM Totals

==============================================================================

    Total RO  Size (Code + RO Data)                 2676 (   2.61kB)
    Total RW  Size (RW Data + ZI Data)              1124 (   1.10kB)
    Total ROM Size (Code + RO Data + RW Data)       2680 (   2.62kB)

==============================================================================

